Archive member included to satisfy reference by file (symbol)

D:\TTCS_test\KiemTraGiuaKy_ThucTapCoSo_Nhom1\driver\libstm\libLibraries.a(system_stm32f4xx.o)
                              ./Src/main.o (SystemCoreClockUpdate)
D:\TTCS_test\KiemTraGiuaKy_ThucTapCoSo_Nhom1\driver\libstm\libLibraries.a(stm32f401re_adc.o)
                              ./Src/main.o (ADC_DeInit)
D:\TTCS_test\KiemTraGiuaKy_ThucTapCoSo_Nhom1\driver\libstm\libLibraries.a(stm32f401re_i2c.o)
                              ./Src/main.o (I2C_Init)
D:\TTCS_test\KiemTraGiuaKy_ThucTapCoSo_Nhom1\driver\libstm\libLibraries.a(stm32f401re_tim.o)
                              ./Src/main.o (TIM_TimeBaseInit)
D:\TTCS_test\KiemTraGiuaKy_ThucTapCoSo_Nhom1\driver\libstm\libLibraries.a(timer.o)
                              ./Src/main.o (TimerInit)
D:\TTCS_test\KiemTraGiuaKy_ThucTapCoSo_Nhom1\driver\libstm\libLibraries.a(temhumsensor.o)
                              ./Src/main.o (TemHumSensor_Init)
D:\TTCS_test\KiemTraGiuaKy_ThucTapCoSo_Nhom1\driver\libstm\libLibraries.a(serial.o)
                              D:\TTCS_test\KiemTraGiuaKy_ThucTapCoSo_Nhom1\driver\libstm\libLibraries.a(temhumsensor.o) (Serial_SendPacket)
D:\TTCS_test\KiemTraGiuaKy_ThucTapCoSo_Nhom1\driver\libstm\libLibraries.a(Ucglib.o)
                              ./Src/main.o (Ucglib4WireSWSPI_begin)
D:\TTCS_test\KiemTraGiuaKy_ThucTapCoSo_Nhom1\driver\libstm\libLibraries.a(ucg_box.o)
                              ./Src/main.o (ucg_ClearScreen)
D:\TTCS_test\KiemTraGiuaKy_ThucTapCoSo_Nhom1\driver\libstm\libLibraries.a(ucg_ccs.o)
                              D:\TTCS_test\KiemTraGiuaKy_ThucTapCoSo_Nhom1\driver\libstm\libLibraries.a(ucg_box.o) (ucg_ccs_init)
D:\TTCS_test\KiemTraGiuaKy_ThucTapCoSo_Nhom1\driver\libstm\libLibraries.a(ucg_circle.o)
                              D:\TTCS_test\KiemTraGiuaKy_ThucTapCoSo_Nhom1\driver\libstm\libLibraries.a(ucg_box.o) (ucg_DrawCircle)
D:\TTCS_test\KiemTraGiuaKy_ThucTapCoSo_Nhom1\driver\libstm\libLibraries.a(ucg_dev_default_cb.o)
                              D:\TTCS_test\KiemTraGiuaKy_ThucTapCoSo_Nhom1\driver\libstm\libLibraries.a(Ucglib.o) (ucg_dev_default_cb)
D:\TTCS_test\KiemTraGiuaKy_ThucTapCoSo_Nhom1\driver\libstm\libLibraries.a(ucg_dev_ic_st7735.o)
                              D:\TTCS_test\KiemTraGiuaKy_ThucTapCoSo_Nhom1\driver\libstm\libLibraries.a(Ucglib.o) (ucg_ext_st7735_18)
D:\TTCS_test\KiemTraGiuaKy_ThucTapCoSo_Nhom1\driver\libstm\libLibraries.a(ucg_dev_msg_api.o)
                              D:\TTCS_test\KiemTraGiuaKy_ThucTapCoSo_Nhom1\driver\libstm\libLibraries.a(ucg_box.o) (ucg_SetMaxClipRange)
D:\TTCS_test\KiemTraGiuaKy_ThucTapCoSo_Nhom1\driver\libstm\libLibraries.a(ucg_dev_tft_128x128_st7735.o)
                              D:\TTCS_test\KiemTraGiuaKy_ThucTapCoSo_Nhom1\driver\libstm\libLibraries.a(Ucglib.o) (ucg_dev_st7735_18x128x128)
D:\TTCS_test\KiemTraGiuaKy_ThucTapCoSo_Nhom1\driver\libstm\libLibraries.a(ucg_font.o)
                              D:\TTCS_test\KiemTraGiuaKy_ThucTapCoSo_Nhom1\driver\libstm\libLibraries.a(Ucglib.o) (ucg_SetFontMode)
D:\TTCS_test\KiemTraGiuaKy_ThucTapCoSo_Nhom1\driver\libstm\libLibraries.a(ucg_init.o)
                              D:\TTCS_test\KiemTraGiuaKy_ThucTapCoSo_Nhom1\driver\libstm\libLibraries.a(Ucglib.o) (ucg_Init)
D:\TTCS_test\KiemTraGiuaKy_ThucTapCoSo_Nhom1\driver\libstm\libLibraries.a(ucg_line.o)
                              D:\TTCS_test\KiemTraGiuaKy_ThucTapCoSo_Nhom1\driver\libstm\libLibraries.a(ucg_font.o) (ucg_Draw90Line)
D:\TTCS_test\KiemTraGiuaKy_ThucTapCoSo_Nhom1\driver\libstm\libLibraries.a(ucg_pixel.o)
                              ./Src/main.o (ucg_SetColor)
D:\TTCS_test\KiemTraGiuaKy_ThucTapCoSo_Nhom1\driver\libstm\libLibraries.a(ucg_pixel_font_data.o)
                              ./Src/main.o (ucg_font_ncenR12_hr)
D:\TTCS_test\KiemTraGiuaKy_ThucTapCoSo_Nhom1\driver\libstm\libLibraries.a(ucg_rotate.o)
                              ./Src/main.o (ucg_SetRotate180)
D:\TTCS_test\KiemTraGiuaKy_ThucTapCoSo_Nhom1\driver\libstm\libLibraries.a(buff.o)
                              D:\TTCS_test\KiemTraGiuaKy_ThucTapCoSo_Nhom1\driver\libstm\libLibraries.a(serial.o) (bufInit)
D:\TTCS_test\KiemTraGiuaKy_ThucTapCoSo_Nhom1\driver\libstm\libLibraries.a(utilities.o)
                              D:\TTCS_test\KiemTraGiuaKy_ThucTapCoSo_Nhom1\driver\libstm\libLibraries.a(timer.o) (memsetl)
D:\TTCS_test\KiemTraGiuaKy_ThucTapCoSo_Nhom1\driver\libstm\libLibraries.a(misc.o)
                              D:\TTCS_test\KiemTraGiuaKy_ThucTapCoSo_Nhom1\driver\libstm\libLibraries.a(serial.o) (NVIC_PriorityGroupConfig)
D:\TTCS_test\KiemTraGiuaKy_ThucTapCoSo_Nhom1\driver\libstm\libLibraries.a(stm32f401re_usart.o)
                              D:\TTCS_test\KiemTraGiuaKy_ThucTapCoSo_Nhom1\driver\libstm\libLibraries.a(serial.o) (USART_Init)
D:\TTCS_test\KiemTraGiuaKy_ThucTapCoSo_Nhom1\driver\libstm\libLibraries.a(ucg_clip.o)
[...]
Memory Configuration

Name             Origin             Length             Attributes
RAM              0x20000000         0x00018000         xrw
FLASH            0x08000000         0x00080000         xr
*default*        0x00000000         0xffffffff

Linker script and memory map

LOAD C:/ST/STM32CubeIDE_1.15.0/STM32CubeIDE/plugins/com.st.stm32cube.ide.mcu.externaltools.gnu-tools-for-stm32.12.3.rel1.win32_1.0.100.202403111256/tools/bin/../lib/gcc/arm-none-eabi/12.3.1/thumb/v7e-m+fp/hard/crti.o
LOAD C:/ST/STM32CubeIDE_1.15.0/STM32CubeIDE/plugins/com.st.stm32cube.ide.mcu.externaltools.gnu-tools-for-stm32.12.3.rel1.win32_1.0.100.202403111256/tools/bin/../lib/gcc/arm-none-eabi/12.3.1/thumb/v7e-m+fp/hard/crtbegin.o
LOAD C:/ST/STM32CubeIDE_1.15.0/STM32CubeIDE/plugins/com.st.stm32cube.ide.mcu.externaltools.gnu-tools-for-stm32.12.3.rel1.win32_1.0.100.202403111256/tools/bin/../lib/gcc/arm-none-eabi/12.3.1/../../../../arm-none-eabi/lib/thumb/v7e-m+fp/hard/crt0.o
LOAD ./Src/main.o
LOAD ./Src/syscalls.o
LOAD ./Src/sysmem.o
LOAD ./Startup/startup_stm32f401retx.o
LOAD ./driver/share/Inc/driver/Kalman_filter/kalman_filter.o
LOAD ./driver/share/Src/Ucglib.o
LOAD ./driver/share/Src/stm32f401re_gpio.o
LOAD ./driver/share/Src/stm32f401re_rcc.o
LOAD D:\TTCS_test\KiemTraGiuaKy_ThucTapCoSo_Nhom1\driver\libstm\libLibraries.a
START GROUP
LOAD C:/ST/STM32CubeIDE_1.15.0/STM32CubeIDE/plugins/com.st.stm32cube.ide.mcu.externaltools.gnu-tools-for-stm32.12.3.rel1.win32_1.0.100.202403111256/tools/bin/../lib/gcc/arm-none-eabi/12.3.1/../../../../arm-none-eabi/lib/thumb/v7e-m+fp/hard\libc_nano.a
LOAD C:/ST/STM32CubeIDE_1.15.0/STM32CubeIDE/plugins/com.st.stm32cube.ide.mcu.externaltools.gnu-tools-for-stm32.12.3.rel1.win32_1.0.100.202403111256/tools/bin/../lib/gcc/arm-none-eabi/12.3.1/../../../../arm-none-eabi/lib/thumb/v7e-m+fp/hard\libm.a
END GROUP
START GROUP
LOAD C:/ST/STM32CubeIDE_1.15.0/STM32CubeIDE/plugins/com.st.stm32cube.ide.mcu.externaltools.gnu-tools-for-stm32.12.3.rel1.win32_1.0.100.202403111256/tools/bin/../lib/gcc/arm-none-eabi/12.3.1/thumb/v7e-m+fp/hard\libgcc.a
LOAD C:/ST/STM32CubeIDE_1.15.0/STM32CubeIDE/plugins/com.st.stm32cube.ide.mcu.externaltools.gnu-tools-for-stm32.12.3.rel1.win32_1.0.100.202403111256/tools/bin/../lib/gcc/arm-none-eabi/12.3.1/../../../../arm-none-eabi/lib/thumb/v7e-m+fp/hard\libc_nano.a
END GROUP
START GROUP
LOAD C:/ST/STM32CubeIDE_1.15.0/STM32CubeIDE/plugins/com.st.stm32cube.ide.mcu.externaltools.gnu-tools-for-stm32.12.3.rel1.win32_1.0.100.202403111256/tools/bin/../lib/gcc/arm-none-eabi/12.3.1/thumb/v7e-m+fp/hard\libgcc.a
LOAD C:/ST/STM32CubeIDE_1.15.0/STM32CubeIDE/plugins/com.st.stm32cube.ide.mcu.externaltools.gnu-tools-for-stm32.12.3.rel1.win32_1.0.100.202403111256/tools/bin/../lib/gcc/arm-none-eabi/12.3.1/../../../../arm-none-eabi/lib/thumb/v7e-m+fp/hard\libc_nano.a
LOAD C:/ST/STM32CubeIDE_1.15.0/STM32CubeIDE/plugins/com.st.stm32cube.ide.mcu.externaltools.gnu-tools-for-stm32.12.3.rel1.win32_1.0.100.202403111256/tools/bin/../lib/gcc/arm-none-eabi/12.3.1/../../../../arm-none-eabi/lib/thumb/v7e-m+fp/hard\libnosys.a
END GROUP
START GROUP
LOAD C:/ST/STM32CubeIDE_1.15.0/STM32CubeIDE/plugins/com.st.stm32cube.ide.mcu.externaltools.gnu-tools-for-stm32.12.3.rel1.win32_1.0.100.202403111256/tools/bin/../lib/gcc/arm-none-eabi/12.3.1/thumb/v7e-m+fp/hard\libgcc.a
LOAD C:/ST/STM32CubeIDE_1.15.0/STM32CubeIDE/plugins/com.st.stm32cube.ide.mcu.externaltools.gnu-tools-for-stm32.12.3.rel1.win32_1.0.100.202403111256/tools/bin/../lib/gcc/arm-none-eabi/12.3.1/../../../../arm-none-eabi/lib/thumb/v7e-m+fp/hard\libc_nano.a
LOAD C:/ST/STM32CubeIDE_1.15.0/STM32CubeIDE/plugins/com.st.stm32cube.ide.mcu.externaltools.gnu-tools-for-stm32.12.3.rel1.win32_1.0.100.202403111256/tools/bin/../lib/gcc/arm-none-eabi/12.3.1/../../../../arm-none-eabi/lib/thumb/v7e-m+fp/hard\libnosys.a
END GROUP
LOAD C:/ST/STM32CubeIDE_1.15.0/STM32CubeIDE/plugins/com.st.stm32cube.ide.mcu.externaltools.gnu-tools-for-stm32.12.3.rel1.win32_1.0.100.202403111256/tools/bin/../lib/gcc/arm-none-eabi/12.3.1/thumb/v7e-m+fp/hard/crtend.o
LOAD C:/ST/STM32CubeIDE_1.15.0/STM32CubeIDE/plugins/com.st.stm32cube.ide.mcu.externaltools.gnu-tools-for-stm32.12.3.rel1.win32_1.0.100.202403111256/tools/bin/../lib/gcc/arm-none-eabi/12.3.1/thumb/v7e-m+fp/hard/crtn.o
                0x20018000                        _estack = (ORIGIN (RAM) + LENGTH (RAM))
                0x00000200                        _Min_Heap_Size = 0x200
                0x00000400                        _Min_Stack_Size = 0x400

.isr_vector     0x08000000      0x194
                0x08000000                        . = ALIGN (0x4)
 *(.isr_vector)
 .isr_vector    0x08000000      0x194 ./Startup/startup_stm32f401retx.o
                0x08000000                g_pfnVectors
                0x08000194                        . = ALIGN (0x4)

.text           0x080001a0     0x5f44
                0x080001a0                        . = ALIGN (0x4)
 *(.text)
 .text          0x080001a0       0x40 C:/ST/STM32CubeIDE_1.15.0/STM32CubeIDE/plugins/com.st.stm32cube.ide.mcu.externaltools.gnu-tools-for-stm32.12.3.rel1.win32_1.0.100.202403111256/tools/bin/../lib/gcc/arm-none-eabi/12.3.1/thumb/v7e-m+fp/hard/crtbegin.o
 .text          0x080001e0       0xa0 C:/ST/STM32CubeIDE_1.15.0/STM32CubeIDE/plugins/com.st.stm32cube.ide.mcu.externaltools.gnu-tools-for-stm32.12.3.rel1.win32_1.0.100.202403111256/tools/bin/../lib/gcc/arm-none-eabi/12.3.1/../../../../arm-none-eabi/lib/thumb/v7e-m+fp/hard\libc_nano.a(libc_a-memchr.o)
                0x080001e0                memchr
 .text          0x08000280      0x254 C:/ST/STM32CubeIDE_1.15.0/STM32CubeIDE/plugins/com.st.stm32cube.ide.mcu.externaltools.gnu-tools-for-stm32.12.3.rel1.win32_1.0.100.202403111256/tools/bin/../lib/gcc/arm-none-eabi/12.3.1/thumb/v7e-m+fp/hard\libgcc.a(_arm_muldf3.o)
                0x08000280                __muldf3
                0x08000280                __aeabi_dmul
 .text          0x080004d4      0x378 C:/ST/STM32CubeIDE_1.15.0/STM32CubeIDE/plugins/com.st.stm32cube.ide.mcu.externaltools.gnu-tools-for-stm32.12.3.rel1.win32_1.0.100.202403111256/tools/bin/../lib/gcc/arm-none-eabi/12.3.1/thumb/v7e-m+fp/hard\libgcc.a(_arm_addsubdf3.o)
                0x080004d4                __aeabi_drsub
                0x080004dc                __aeabi_dsub
                0x080004dc                __subdf3
                0x080004e0                __aeabi_dadd
                0x080004e0                __adddf3
                0x08000758                __floatunsidf
                0x08000758                __aeabi_ui2d
                0x08000778                __floatsidf
                0x08000778                __aeabi_i2d
                0x0800079c                __aeabi_f2d
                0x0800079c                __extendsfdf2
                0x080007e0                __floatundidf
                0x080007e0                __aeabi_ul2d
                0x080007f0                __floatdidf
                0x080007f0                __aeabi_l2d
 .text          0x0800084c       0xa0 C:/ST/STM32CubeIDE_1.15.0/STM32CubeIDE/plugins/com.st.stm32cube.ide.mcu.externaltools.gnu-tools-for-stm32.12.3.rel1.win32_1.0.100.202403111256/tools/bin/../lib/gcc/arm-none-eabi/12.3.1/thumb/v7e-m+fp/hard\libgcc.a(_arm_truncdfsf2.o)
                0x0800084c                __truncdfsf2
                0x0800084c                __aeabi_d2f
 *(.text*)
 .text.Ledboard_init
                0x080008ec       0x38 ./Src/main.o
 .text.Ledred1_init
                0x08000924       0x38 ./Src/main.o
 .text.Ledred2_init
                0x0800095c       0x3c ./Src/main.o
 .text.Ledgreen1_init
                0x08000998       0x38 ./Src/main.o
 .text.Ledgreen2_init
                0x080009d0       0x3c ./Src/main.o
 .text.Ledblue1_init
                0x08000a0c       0x38 ./Src/main.o
 .text.Ledblue2_init
                0x08000a44       0x3c ./Src/main.o
 .text.Button1_init
                0x08000a80       0x34 ./Src/main.o
 .text.Button2_init
                0x08000ab4       0x34 ./Src/main.o
 .text.Button3_init
                0x08000ae8       0x34 ./Src/main.o
 .text.Button4_init
                0x08000b1c       0x34 ./Src/main.o
 .text.Button5_init
                0x08000b50       0x34 ./Src/main.o
 .text.coi_Init
                0x08000b84       0x3c ./Src/main.o
 .text.coiControlSetStatus
                0x08000bc0       0x34 ./Src/main.o
 .text.LedControl_SetStatus
                0x08000bf4       0x34 ./Src/main.o
 .text.ButtonRead_Status
                0x08000c28       0x34 ./Src/main.o
 .text.main     0x08000c5c      0x1d4 ./Src/main.o
                0x08000c5c                main
 .text.I2C_start
                0x08000e30       0x3c ./Src/main.o
                0x08000e30                I2C_start
 .text.I2C_address_direction
                0x08000e6c       0x60 ./Src/main.o
                0x08000e6c                I2C_address_direction
 .text.I2C_transmit
                0x08000ecc       0x38 ./Src/main.o
                0x08000ecc                I2C_transmit
 .text.I2C_stop
                0x08000f04       0x14 ./Src/main.o
                0x08000f04                I2C_stop
 .text.I2C_receive_nack
                0x08000f18       0x30 ./Src/main.o
                0x08000f18                I2C_receive_nack
 .text.I2C_receive_ack
                0x08000f48       0x30 ./Src/main.o
                0x08000f48                I2C_receive_ack
 .text.TemHumSensor_readRegister
                0x08000f78       0xba ./Src/main.o
 *fill*         0x08001032        0x2 
 .text.GetTemp_Sensor
                0x08001034       0x64 ./Src/main.o
                0x08001034                GetTemp_Sensor
 .text.GetHumi_Sensor
                0x08001098       0x64 ./Src/main.o
                0x08001098                GetHumi_Sensor
 .text.processGetValueSensor
                0x080010fc      0x1dc ./Src/main.o
                0x080010fc                processGetValueSensor
 .text.Scan_SensorLCD
                0x080012d8       0xc0 ./Src/main.o
                0x080012d8                Scan_SensorLCD
 .text.Scan_TimeSensor
                0x08001398       0x48 ./Src/main.o
                0x08001398                Scan_TimeSensor
 .text.delay_ms
                0x080013e0       0x30 ./Src/main.o
                0x080013e0                delay_ms
 .text.CalculatorTime
                0x08001410       0x34 ./Src/main.o
                0x08001410                CalculatorTime
 .text.AppCommon
                0x08001444       0x98 ./Src/main.o
 .text.SPI1_Init
                0x080014dc       0x60 ./Src/main.o
 .text.I2C_Init_temphumi
                0x0800153c       0x94 ./Src/main.o
 .text.LightSensor_AdcInit
                0x080015d0       0xb8 ./Src/main.o
 .text.LedControl_TimerOCInit
                0x08001688       0xa4 ./Src/main.o
 .text.LightSensor_AdcPollingRead
                0x0800172c       0x38 ./Src/main.o
                0x0800172c                LightSensor_AdcPollingRead
 .text.Kanman_Light
                0x08001764       0x40 ./Src/main.o
                0x08001764                Kanman_Light
 .text.LedControl_TimerOCSetPwm
                0x080017a4       0x1c ./Src/main.o
 .text.ABL_Process
                0x080017c0      0x144 ./Src/main.o
 .text._sbrk    0x08001904       0x6c ./Src/sysmem.o
                0x08001904                _sbrk
 .text.Reset_Handler
                0x08001970       0x50 ./Startup/startup_stm32f401retx.o
                0x08001970                Reset_Handler
 .text.Default_Handler
                0x080019c0        0x2 ./Startup/startup_stm32f401retx.o
                0x080019c0                EXTI2_IRQHandler
                0x080019c0                DebugMon_Handler
                0x080019c0                SPI4_IRQHandler
                0x080019c0                TIM1_CC_IRQHandler
                0x080019c0                HardFault_Handler
                0x080019c0                SDIO_IRQHandler
                0x080019c0                TAMP_STAMP_IRQHandler
                0x080019c0                PendSV_Handler
                0x080019c0                NMI_Handler
                0x080019c0                EXTI3_IRQHandler
                0x080019c0                TIM1_UP_TIM10_IRQHandler
                0x080019c0                I2C3_ER_IRQHandler
                0x080019c0                EXTI18_OTG_FS_WKUP_IRQHandler
                0x080019c0                EXTI0_IRQHandler
                0x080019c0                I2C2_EV_IRQHandler
                0x080019c0                FPU_IRQHandler
                0x080019c0                UsageFault_Handler
                0x080019c0                SPI1_IRQHandler
                0x080019c0                TIM1_BRK_TIM9_IRQHandler
                0x080019c0                USART6_IRQHandler
                0x080019c0                TIM4_IRQHandler
                0x080019c0                I2C1_EV_IRQHandler
                0x080019c0                TIM3_IRQHandler
                0x080019c0                RCC_IRQHandler
                0x080019c0                Default_Handler
                0x080019c0                EXTI15_10_IRQHandler
                0x080019c0                ADC_IRQHandler
                0x080019c0                TIM5_IRQHandler
                0x080019c0                I2C3_EV_IRQHandler
                0x080019c0                EXTI9_5_IRQHandler
                0x080019c0                SPI2_IRQHandler
                0x080019c0                MemManage_Handler
                0x080019c0                SVC_Handler
                0x080019c0                EXTI4_IRQHandler
                0x080019c0                EXTI22_RTC_WKUP_IRQHandler
                0x080019c0                TIM2_IRQHandler
                0x080019c0                EXTI16_PVD_IRQHandler
                0x080019c0                TIM1_TRG_COM_TIM11_IRQHandler
                0x080019c0                EXTI1_IRQHandler
                0x080019c0                EXTI17_RTC_Alarm_IRQHandler
                0x080019c0                I2C2_ER_IRQHandler
                0x080019c0                FLASH_IRQHandler
                0x080019c0                BusFault_Handler
                0x080019c0                USART1_IRQHandler
                0x080019c0                OTG_FS_IRQHandler
                0x080019c0                SPI3_IRQHandler
                0x080019c0                I2C1_ER_IRQHandler
 *fill*         0x080019c2        0x2 
 .text.KalmanFilterInit
                0x080019c4       0x3c ./driver/share/Inc/driver/Kalman_filter/kalman_filter.o
                0x080019c4                KalmanFilterInit
 .text.KalmanFilter_updateEstimate
                0x08001a00      0x120 ./driver/share/Inc/driver/Kalman_filter/kalman_filter.o
                0x08001a00                KalmanFilter_updateEstimate
 .text.GPIO_Init
                0x08001b20      0x11e ./driver/share/Src/stm32f401re_gpio.o
                0x08001b20                GPIO_Init
 .text.GPIO_WriteBit
                0x08001c3e       0x30 ./driver/share/Src/stm32f401re_gpio.o
                0x08001c3e                GPIO_WriteBit
 .text.GPIO_PinAFConfig
                0x08001c6e       0x92 ./driver/share/Src/stm32f401re_gpio.o
                0x08001c6e                GPIO_PinAFConfig
 .text.RCC_GetClocksFreq
                0x08001d00      0x15c ./driver/share/Src/stm32f401re_rcc.o
                0x08001d00                RCC_GetClocksFreq
 .text.RCC_AHB1PeriphClockCmd
                0x08001e5c       0x40 ./driver/share/Src/stm32f401re_rcc.o
                0x08001e5c                RCC_AHB1PeriphClockCmd
 .text.RCC_APB1PeriphClockCmd
                0x08001e9c       0x40 ./driver/share/Src/stm32f401re_rcc.o
                0x08001e9c                RCC_APB1PeriphClockCmd
 .text.RCC_APB2PeriphClockCmd
                0x08001edc       0x40 ./driver/share/Src/stm32f401re_rcc.o
                0x08001edc                RCC_APB2PeriphClockCmd
 .text.RCC_APB2PeriphResetCmd
                0x08001f1c       0x40 ./driver/share/Src/stm32f401re_rcc.o
                0x08001f1c                RCC_APB2PeriphResetCmd
 .text.SystemInit
                0x08001f5c       0x6c D:\TTCS_test\KiemTraGiuaKy_ThucTapCoSo_Nhom1\driver\libstm\libLibraries.a(system_stm32f4xx.o)
                0x08001f5c                SystemInit
 .text.SystemCoreClockUpdate
                0x08001fc8       0xf8 D:\TTCS_test\KiemTraGiuaKy_ThucTapCoSo_Nhom1\driver\libstm\libLibraries.a(system_stm32f4xx.o)
                0x08001fc8                SystemCoreClockUpdate
 .text.SetSysClock
                0x080020c0       0xa0 D:\TTCS_test\KiemTraGiuaKy_ThucTapCoSo_Nhom1\driver\libstm\libLibraries.a(system_stm32f4xx.o)
 .text.ADC_DeInit
                0x08002160       0x1c D:\TTCS_test\KiemTraGiuaKy_ThucTapCoSo_Nhom1\driver\libstm\libLibraries.a(stm32f401re_adc.o)
                0x08002160                ADC_DeInit
 .text.ADC_Init
                0x0800217c       0xac D:\TTCS_test\KiemTraGiuaKy_ThucTapCoSo_Nhom1\driver\libstm\libLibraries.a(stm32f401re_adc.o)
                0x0800217c                ADC_Init
 .text.ADC_CommonInit
                0x08002228       0x50 D:\TTCS_test\KiemTraGiuaKy_ThucTapCoSo_Nhom1\driver\libstm\libLibraries.a(stm32f401re_adc.o)
                0x08002228                ADC_CommonInit
 .text.ADC_Cmd  0x08002278       0x38 D:\TTCS_test\KiemTraGiuaKy_ThucTapCoSo_Nhom1\driver\libstm\libLibraries.a(stm32f401re_adc.o)
                0x08002278                ADC_Cmd
 .text.ADC_RegularChannelConfig
                0x080022b0      0x194 D:\TTCS_test\KiemTraGiuaKy_ThucTapCoSo_Nhom1\driver\libstm\libLibraries.a(stm32f401re_adc.o)
                0x080022b0                ADC_RegularChannelConfig
 .text.ADC_SoftwareStartConv
                0x08002444       0x20 D:\TTCS_test\KiemTraGiuaKy_ThucTapCoSo_Nhom1\driver\libstm\libLibraries.a(stm32f401re_adc.o)
                0x08002444                ADC_SoftwareStartConv
 .text.ADC_EOCOnEachRegularChannelCmd
                0x08002464       0x38 D:\TTCS_test\KiemTraGiuaKy_ThucTapCoSo_Nhom1\driver\libstm\libLibraries.a(stm32f401re_adc.o)
                0x08002464                ADC_EOCOnEachRegularChannelCmd
 .text.ADC_ContinuousModeCmd
                0x0800249c       0x38 D:\TTCS_test\KiemTraGiuaKy_ThucTapCoSo_Nhom1\driver\libstm\libLibraries.a(stm32f401re_adc.o)
                0x0800249c                ADC_ContinuousModeCmd
 .text.ADC_DiscModeChannelCountConfig
                0x080024d4       0x44 D:\TTCS_test\KiemTraGiuaKy_ThucTapCoSo_Nhom1\driver\libstm\libLibraries.a(stm32f401re_adc.o)
                0x080024d4                ADC_DiscModeChannelCountConfig
 .text.ADC_DiscModeCmd
                0x08002518       0x38 D:\TTCS_test\KiemTraGiuaKy_ThucTapCoSo_Nhom1\driver\libstm\libLibraries.a(stm32f401re_adc.o)
                0x08002518                ADC_DiscModeCmd
 .text.ADC_GetConversionValue
                0x08002550       0x1a D:\TTCS_test\KiemTraGiuaKy_ThucTapCoSo_Nhom1\driver\libstm\libLibraries.a(stm32f401re_adc.o)
                0x08002550                ADC_GetConversionValue
 .text.ADC_GetFlagStatus
                0x0800256a       0x34 D:\TTCS_test\KiemTraGiuaKy_ThucTapCoSo_Nhom1\driver\libstm\libLibraries.a(stm32f401re_adc.o)
                0x0800256a                ADC_GetFlagStatus
 *fill*         0x0800259e        0x2 
 .text.I2C_Init
                0x080025a0      0x184 D:\TTCS_test\KiemTraGiuaKy_ThucTapCoSo_Nhom1\driver\libstm\libLibraries.a(stm32f401re_i2c.o)
                0x080025a0                I2C_Init
 .text.I2C_Cmd  0x08002724       0x40 D:\TTCS_test\KiemTraGiuaKy_ThucTapCoSo_Nhom1\driver\libstm\libLibraries.a(stm32f401re_i2c.o)
                0x08002724                I2C_Cmd
 .text.I2C_GenerateSTART
                0x08002764       0x40 D:\TTCS_test\KiemTraGiuaKy_ThucTapCoSo_Nhom1\driver\libstm\libLibraries.a(stm32f401re_i2c.o)
                0x08002764                I2C_GenerateSTART
 .text.I2C_GenerateSTOP
                0x080027a4       0x40 D:\TTCS_test\KiemTraGiuaKy_ThucTapCoSo_Nhom1\driver\libstm\libLibraries.a(stm32f401re_i2c.o)
                0x080027a4                I2C_GenerateSTOP
 .text.I2C_Send7bitAddress
                0x080027e4       0x3c D:\TTCS_test\KiemTraGiuaKy_ThucTapCoSo_Nhom1\driver\libstm\libLibraries.a(stm32f401re_i2c.o)
                0x080027e4                I2C_Send7bitAddress
 .text.I2C_AcknowledgeConfig
                0x08002820       0x40 D:\TTCS_test\KiemTraGiuaKy_ThucTapCoSo_Nhom1\driver\libstm\libLibraries.a(stm32f401re_i2c.o)
                0x08002820                I2C_AcknowledgeConfig
 .text.I2C_SendData
                0x08002860       0x20 D:\TTCS_test\KiemTraGiuaKy_ThucTapCoSo_Nhom1\driver\libstm\libLibraries.a(stm32f401re_i2c.o)
                0x08002860                I2C_SendData
 .text.I2C_ReceiveData
                0x08002880       0x1c D:\TTCS_test\KiemTraGiuaKy_ThucTapCoSo_Nhom1\driver\libstm\libLibraries.a(stm32f401re_i2c.o)
                0x08002880                I2C_ReceiveData
 .text.I2C_CheckEvent
                0x0800289c       0x60 D:\TTCS_test\KiemTraGiuaKy_ThucTapCoSo_Nhom1\driver\libstm\libLibraries.a(stm32f401re_i2c.o)
                0x0800289c                I2C_CheckEvent
 .text.I2C_GetFlagStatus
                0x080028fc       0x66 D:\TTCS_test\KiemTraGiuaKy_ThucTapCoSo_Nhom1\driver\libstm\libLibraries.a(stm32f401re_i2c.o)
                0x080028fc                I2C_GetFlagStatus
 *fill*         0x08002962        0x2 
 .text.TIM_TimeBaseInit
                0x08002964       0xd8 D:\TTCS_test\KiemTraGiuaKy_ThucTapCoSo_Nhom1\driver\libstm\libLibraries.a(stm32f401re_tim.o)
                0x08002964                TIM_TimeBaseInit
 .text.TIM_Cmd  0x08002a3c       0x40 D:\TTCS_test\KiemTraGiuaKy_ThucTapCoSo_Nhom1\driver\libstm\libLibraries.a(stm32f401re_tim.o)
                0x08002a3c                TIM_Cmd
 .text.TIM_OC4Init
                0x08002a7c       0xd0 D:\TTCS_test\KiemTraGiuaKy_ThucTapCoSo_Nhom1\driver\libstm\libLibraries.a(stm32f401re_tim.o)
                0x08002a7c                TIM_OC4Init
 .text.TIM_SetCompare4
                0x08002b4c       0x1c D:\TTCS_test\KiemTraGiuaKy_ThucTapCoSo_Nhom1\driver\libstm\libLibraries.a(stm32f401re_tim.o)
                0x08002b4c                TIM_SetCompare4
 .text.TIM_CtrlPWMOutputs
                0x08002b68       0x4c D:\TTCS_test\KiemTraGiuaKy_ThucTapCoSo_Nhom1\driver\libstm\libLibraries.a(stm32f401re_tim.o)
                0x08002b68                TIM_CtrlPWMOutputs
 .text.NVIC_SetPriority
                0x08002bb4       0x54 D:\TTCS_test\KiemTraGiuaKy_ThucTapCoSo_Nhom1\driver\libstm\libLibraries.a(timer.o)
 .text.SysTick_Config
                0x08002c08       0x44 D:\TTCS_test\KiemTraGiuaKy_ThucTapCoSo_Nhom1\driver\libstm\libLibraries.a(timer.o)
 .text.TimerInit
                0x08002c4c       0x44 D:\TTCS_test\KiemTraGiuaKy_ThucTapCoSo_Nhom1\driver\libstm\libLibraries.a(timer.o)
                0x08002c4c                TimerInit
 .text.TimerStart
                0x08002c90       0xc4 D:\TTCS_test\KiemTraGiuaKy_ThucTapCoSo_Nhom1\driver\libstm\libLibraries.a(timer.o)
                0x08002c90                TimerStart
 .text.TimerStop
                0x08002d54       0xa0 D:\TTCS_test\KiemTraGiuaKy_ThucTapCoSo_Nhom1\driver\libstm\libLibraries.a(timer.o)
                0x08002d54                TimerStop
 .text.GetMilSecTick
                0x08002df4       0x18 D:\TTCS_test\KiemTraGiuaKy_ThucTapCoSo_Nhom1\driver\libstm\libLibraries.a(timer.o)
                0x08002df4                GetMilSecTick
 .text.processTimerScheduler
                0x08002e0c       0xf0 D:\TTCS_test\KiemTraGiuaKy_ThucTapCoSo_Nhom1\driver\libstm\libLibraries.a(timer.o)
                0x08002e0c                processTimerScheduler
 .text.TimeExpired
                0x08002efc       0xcc D:\TTCS_test\KiemTraGiuaKy_ThucTapCoSo_Nhom1\driver\libstm\libLibraries.a(timer.o)
 .text.SysTick_Handler
                0x08002fc8       0x1c D:\TTCS_test\KiemTraGiuaKy_ThucTapCoSo_Nhom1\driver\libstm\libLibraries.a(timer.o)
                0x08002fc8                SysTick_Handler
 .text.TemHumSensor_Init
                0x08002fe4        0xc D:\TTCS_test\KiemTraGiuaKy_ThucTapCoSo_Nhom1\driver\libstm\libLibraries.a(temhumsensor.o)
                0x08002fe4                TemHumSensor_Init
 .text.i2c_config
                0x08002ff0       0x94 D:\TTCS_test\KiemTraGiuaKy_ThucTapCoSo_Nhom1\driver\libstm\libLibraries.a(temhumsensor.o)
                0x08002ff0                i2c_config
 .text.USART2_IRQHandler
                0x08003084       0x50 D:\TTCS_test\KiemTraGiuaKy_ThucTapCoSo_Nhom1\driver\libstm\libLibraries.a(serial.o)
                0x08003084                USART2_IRQHandler
 .text.delayMicroseconds
                0x080030d4       0x14 D:\TTCS_test\KiemTraGiuaKy_ThucTapCoSo_Nhom1\driver\libstm\libLibraries.a(Ucglib.o)
 .text.ucg_gpio_init
                0x080030e8       0x60 D:\TTCS_test\KiemTraGiuaKy_ThucTapCoSo_Nhom1\driver\libstm\libLibraries.a(Ucglib.o)
 .text.ucg_com_arduino_send_generic_SW_SPI
                0x08003148       0x74 D:\TTCS_test\KiemTraGiuaKy_ThucTapCoSo_Nhom1\driver\libstm\libLibraries.a(Ucglib.o)
 .text.ucg_com_arduino_generic_SW_SPI
                0x080031bc      0x1ec D:\TTCS_test\KiemTraGiuaKy_ThucTapCoSo_Nhom1\driver\libstm\libLibraries.a(Ucglib.o)
 .text.Ucglib4WireSWSPI_begin
                0x080033a8       0x38 D:\TTCS_test\KiemTraGiuaKy_ThucTapCoSo_Nhom1\driver\libstm\libLibraries.a(Ucglib.o)
                0x080033a8                Ucglib4WireSWSPI_begin
 .text.ucg_DrawBox
                0x080033e0       0x56 D:\TTCS_test\KiemTraGiuaKy_ThucTapCoSo_Nhom1\driver\libstm\libLibraries.a(ucg_box.o)
                0x080033e0                ucg_DrawBox
 .text.ucg_ClearScreen
                0x08003436       0x50 D:\TTCS_test\KiemTraGiuaKy_ThucTapCoSo_Nhom1\driver\libstm\libLibraries.a(ucg_box.o)
                0x08003436                ucg_ClearScreen
 .text.ucg_ccs_init
                0x08003486       0xc0 D:\TTCS_test\KiemTraGiuaKy_ThucTapCoSo_Nhom1\driver\libstm\libLibraries.a(ucg_ccs.o)
                0x08003486                ucg_ccs_init
 .text.ucg_ccs_step
                0x08003546       0x80 D:\TTCS_test\KiemTraGiuaKy_ThucTapCoSo_Nhom1\driver\libstm\libLibraries.a(ucg_ccs.o)
                0x08003546                ucg_ccs_step
 .text.ucg_ccs_seek
                0x080035c6       0xca D:\TTCS_test\KiemTraGiuaKy_ThucTapCoSo_Nhom1\driver\libstm\libLibraries.a(ucg_ccs.o)
                0x080035c6                ucg_ccs_seek
 .text.ucg_dev_default_cb
                0x08003690       0x44 D:\TTCS_test\KiemTraGiuaKy_ThucTapCoSo_Nhom1\driver\libstm\libLibraries.a(ucg_dev_default_cb.o)
                0x08003690                ucg_dev_default_cb
 .text.ucg_ext_none
                0x080036d4       0x1c D:\TTCS_test\KiemTraGiuaKy_ThucTapCoSo_Nhom1\driver\libstm\libLibraries.a(ucg_dev_default_cb.o)
                0x080036d4                ucg_ext_none
 .text.ucg_handle_st7735_l90fx
                0x080036f0       0xd8 D:\TTCS_test\KiemTraGiuaKy_ThucTapCoSo_Nhom1\driver\libstm\libLibraries.a(ucg_dev_ic_st7735.o)
                0x080036f0                ucg_handle_st7735_l90fx
 .text.ucg_handle_st7735_l90se
                0x080037c8      0x154 D:\TTCS_test\KiemTraGiuaKy_ThucTapCoSo_Nhom1\driver\libstm\libLibraries.a(ucg_dev_ic_st7735.o)
                0x080037c8                ucg_handle_st7735_l90se
 .text.ucg_dev_ic_st7735_18
                0x0800391c       0xf8 D:\TTCS_test\KiemTraGiuaKy_ThucTapCoSo_Nhom1\driver\libstm\libLibraries.a(ucg_dev_ic_st7735.o)
                0x0800391c                ucg_dev_ic_st7735_18
 .text.ucg_ext_st7735_18
                0x08003a14       0x28 D:\TTCS_test\KiemTraGiuaKy_ThucTapCoSo_Nhom1\driver\libstm\libLibraries.a(ucg_dev_ic_st7735.o)
                0x08003a14                ucg_ext_st7735_18
 .text.ucg_PowerDown
                0x08003a3c       0x34 D:\TTCS_test\KiemTraGiuaKy_ThucTapCoSo_Nhom1\driver\libstm\libLibraries.a(ucg_dev_msg_api.o)
                0x08003a3c                ucg_PowerDown
 .text.ucg_PowerUp
                0x08003a70       0x3c D:\TTCS_test\KiemTraGiuaKy_ThucTapCoSo_Nhom1\driver\libstm\libLibraries.a(ucg_dev_msg_api.o)
                0x08003a70                ucg_PowerUp
 .text.ucg_SetClipBox
                0x08003aac       0x1e D:\TTCS_test\KiemTraGiuaKy_ThucTapCoSo_Nhom1\driver\libstm\libLibraries.a(ucg_dev_msg_api.o)
                0x08003aac                ucg_SetClipBox
 .text.ucg_SetMaxClipRange
                0x08003aca       0x30 D:\TTCS_test\KiemTraGiuaKy_ThucTapCoSo_Nhom1\driver\libstm\libLibraries.a(ucg_dev_msg_api.o)
                0x08003aca                ucg_SetMaxClipRange
 .text.ucg_GetDimension
                0x08003afa       0x24 D:\TTCS_test\KiemTraGiuaKy_ThucTapCoSo_Nhom1\driver\libstm\libLibraries.a(ucg_dev_msg_api.o)
                0x08003afa                ucg_GetDimension
 .text.ucg_DrawL90FXWithArg
                0x08003b1e       0x1e D:\TTCS_test\KiemTraGiuaKy_ThucTapCoSo_Nhom1\driver\libstm\libLibraries.a(ucg_dev_msg_api.o)
                0x08003b1e                ucg_DrawL90FXWithArg
 .text.ucg_dev_st7735_18x128x128
                0x08003b3c       0x80 D:\TTCS_test\KiemTraGiuaKy_ThucTapCoSo_Nhom1\driver\libstm\libLibraries.a(ucg_dev_tft_128x128_st7735.o)
                0x08003b3c                ucg_dev_st7735_18x128x128
 .text.ucg_font_get_byte
                0x08003bbc       0x24 D:\TTCS_test\KiemTraGiuaKy_ThucTapCoSo_Nhom1\driver\libstm\libLibraries.a(ucg_font.o)
 .text.ucg_font_get_word
                0x08003be0       0x40 D:\TTCS_test\KiemTraGiuaKy_ThucTapCoSo_Nhom1\driver\libstm\libLibraries.a(ucg_font.o)
 .text.ucg_read_font_info
                0x08003c20      0x142 D:\TTCS_test\KiemTraGiuaKy_ThucTapCoSo_Nhom1\driver\libstm\libLibraries.a(ucg_font.o)
                0x08003c20                ucg_read_font_info
 .text.ucg_font_decode_get_unsigned_bits
                0x08003d62       0x96 D:\TTCS_test\KiemTraGiuaKy_ThucTapCoSo_Nhom1\driver\libstm\libLibraries.a(ucg_font.o)
                0x08003d62                ucg_font_decode_get_unsigned_bits
 .text.ucg_font_decode_get_signed_bits
                0x08003df8       0x46 D:\TTCS_test\KiemTraGiuaKy_ThucTapCoSo_Nhom1\driver\libstm\libLibraries.a(ucg_font.o)
                0x08003df8                ucg_font_decode_get_signed_bits
 .text.ucg_add_vector_y
                0x08003e3e       0x7a D:\TTCS_test\KiemTraGiuaKy_ThucTapCoSo_Nhom1\driver\libstm\libLibraries.a(ucg_font.o)
 .text.ucg_add_vector_x
                0x08003eb8       0x7a D:\TTCS_test\KiemTraGiuaKy_ThucTapCoSo_Nhom1\driver\libstm\libLibraries.a(ucg_font.o)
 .text.ucg_font_decode_len
                0x08003f32      0x118 D:\TTCS_test\KiemTraGiuaKy_ThucTapCoSo_Nhom1\driver\libstm\libLibraries.a(ucg_font.o)
                0x08003f32                ucg_font_decode_len
 .text.ucg_font_setup_decode
                0x0800404a       0x64 D:\TTCS_test\KiemTraGiuaKy_ThucTapCoSo_Nhom1\driver\libstm\libLibraries.a(ucg_font.o)
 .text.ucg_font_decode_glyph
                0x080040ae      0x14c D:\TTCS_test\KiemTraGiuaKy_ThucTapCoSo_Nhom1\driver\libstm\libLibraries.a(ucg_font.o)
                0x080040ae                ucg_font_decode_glyph
 .text.ucg_font_get_glyph_data
                0x080041fa       0x7a D:\TTCS_test\KiemTraGiuaKy_ThucTapCoSo_Nhom1\driver\libstm\libLibraries.a(ucg_font.o)
                0x080041fa                ucg_font_get_glyph_data
 .text.ucg_font_draw_glyph
                0x08004274       0x62 D:\TTCS_test\KiemTraGiuaKy_ThucTapCoSo_Nhom1\driver\libstm\libLibraries.a(ucg_font.o)
                0x08004274                ucg_font_draw_glyph
 .text.ucg_SetFontMode
                0x080042d6       0x20 D:\TTCS_test\KiemTraGiuaKy_ThucTapCoSo_Nhom1\driver\libstm\libLibraries.a(ucg_font.o)
                0x080042d6                ucg_SetFontMode
 *fill*         0x080042f6        0x2 
 .text.ucg_DrawGlyph
                0x080042f8       0xb0 D:\TTCS_test\KiemTraGiuaKy_ThucTapCoSo_Nhom1\driver\libstm\libLibraries.a(ucg_font.o)
                0x080042f8                ucg_DrawGlyph
 .text.task_drawString
                0x080043a8      0x138 D:\TTCS_test\KiemTraGiuaKy_ThucTapCoSo_Nhom1\driver\libstm\libLibraries.a(ucg_font.o)
                0x080043a8                task_drawString
 .text.ucg_DrawString
                0x080044e0       0x78 D:\TTCS_test\KiemTraGiuaKy_ThucTapCoSo_Nhom1\driver\libstm\libLibraries.a(ucg_font.o)
                0x080044e0                ucg_DrawString
 .text.ucg_UpdateRefHeight
                0x08004558       0xd8 D:\TTCS_test\KiemTraGiuaKy_ThucTapCoSo_Nhom1\driver\libstm\libLibraries.a(ucg_font.o)
                0x08004558                ucg_UpdateRefHeight
 .text.ucg_font_calc_vref_font
                0x08004630       0x16 D:\TTCS_test\KiemTraGiuaKy_ThucTapCoSo_Nhom1\driver\libstm\libLibraries.a(ucg_font.o)
                0x08004630                ucg_font_calc_vref_font
 *fill*         0x08004646        0x2 
 .text.ucg_SetFontPosBaseline
                0x08004648       0x20 D:\TTCS_test\KiemTraGiuaKy_ThucTapCoSo_Nhom1\driver\libstm\libLibraries.a(ucg_font.o)
                0x08004648                ucg_SetFontPosBaseline
 .text.ucg_SetFont
                0x08004668       0x4c D:\TTCS_test\KiemTraGiuaKy_ThucTapCoSo_Nhom1\driver\libstm\libLibraries.a(ucg_font.o)
                0x08004668                ucg_SetFont
 .text.ucg_init_struct
                0x080046b4       0x50 D:\TTCS_test\KiemTraGiuaKy_ThucTapCoSo_Nhom1\driver\libstm\libLibraries.a(ucg_init.o)
                0x080046b4                ucg_init_struct
 .text.ucg_Init
                0x08004704       0x5c D:\TTCS_test\KiemTraGiuaKy_ThucTapCoSo_Nhom1\driver\libstm\libLibraries.a(ucg_init.o)
                0x08004704                ucg_Init
 .text.ucg_Draw90Line
                0x08004760       0x88 D:\TTCS_test\KiemTraGiuaKy_ThucTapCoSo_Nhom1\driver\libstm\libLibraries.a(ucg_line.o)
                0x08004760                ucg_Draw90Line
 .text.ucg_DrawHLine
                0x080047e8       0x3e D:\TTCS_test\KiemTraGiuaKy_ThucTapCoSo_Nhom1\driver\libstm\libLibraries.a(ucg_line.o)
                0x080047e8                ucg_DrawHLine
 .text.ucg_SetColor
                0x08004826       0x5c D:\TTCS_test\KiemTraGiuaKy_ThucTapCoSo_Nhom1\driver\libstm\libLibraries.a(ucg_pixel.o)
                0x08004826                ucg_SetColor
 .text.ucg_UndoRotate
                0x08004882       0x32 D:\TTCS_test\KiemTraGiuaKy_ThucTapCoSo_Nhom1\driver\libstm\libLibraries.a(ucg_rotate.o)
                0x08004882                ucg_UndoRotate
 .text.ucg_rotate_180_xy
                0x080048b4       0x66 D:\TTCS_test\KiemTraGiuaKy_ThucTapCoSo_Nhom1\driver\libstm\libLibraries.a(ucg_rotate.o)
 *fill*         0x0800491a        0x2 
 .text.ucg_dev_rotate180
                0x0800491c      0x100 D:\TTCS_test\KiemTraGiuaKy_ThucTapCoSo_Nhom1\driver\libstm\libLibraries.a(ucg_rotate.o)
                0x0800491c                ucg_dev_rotate180
 .text.ucg_SetRotate180
                0x08004a1c       0x34 D:\TTCS_test\KiemTraGiuaKy_ThucTapCoSo_Nhom1\driver\libstm\libLibraries.a(ucg_rotate.o)
                0x08004a1c                ucg_SetRotate180
 .text.bufInit  0x08004a50       0x36 D:\TTCS_test\KiemTraGiuaKy_ThucTapCoSo_Nhom1\driver\libstm\libLibraries.a(buff.o)
                0x08004a50                bufInit
 .text.bufNumItems
                0x08004a86       0x18 D:\TTCS_test\KiemTraGiuaKy_ThucTapCoSo_Nhom1\driver\libstm\libLibraries.a(buff.o)
                0x08004a86                bufNumItems
 .text.bufIsFull
                0x08004a9e       0x26 D:\TTCS_test\KiemTraGiuaKy_ThucTapCoSo_Nhom1\driver\libstm\libLibraries.a(buff.o)
                0x08004a9e                bufIsFull
 .text.bufIsEmpty
                0x08004ac4       0x26 D:\TTCS_test\KiemTraGiuaKy_ThucTapCoSo_Nhom1\driver\libstm\libLibraries.a(buff.o)
                0x08004ac4                bufIsEmpty
 .text.bufFlush
                0x08004aea       0x32 D:\TTCS_test\KiemTraGiuaKy_ThucTapCoSo_Nhom1\driver\libstm\libLibraries.a(buff.o)
                0x08004aea                bufFlush
 .text.bufEnDat
                0x08004b1c       0x9c D:\TTCS_test\KiemTraGiuaKy_ThucTapCoSo_Nhom1\driver\libstm\libLibraries.a(buff.o)
                0x08004b1c                bufEnDat
 .text.bufDeDat
                0x08004bb8       0x84 D:\TTCS_test\KiemTraGiuaKy_ThucTapCoSo_Nhom1\driver\libstm\libLibraries.a(buff.o)
                0x08004bb8                bufDeDat
 .text.memsetl  0x08004c3c       0x32 D:\TTCS_test\KiemTraGiuaKy_ThucTapCoSo_Nhom1\driver\libstm\libLibraries.a(utilities.o)
                0x08004c3c                memsetl
 .text.USART_ReceiveData
                0x08004c6e       0x20 D:\TTCS_test\KiemTraGiuaKy_ThucTapCoSo_Nhom1\driver\libstm\libLibraries.a(stm32f401re_usart.o)
                0x08004c6e                USART_ReceiveData
 .text.USART_GetITStatus
                0x08004c8e       0xb6 D:\TTCS_test\KiemTraGiuaKy_ThucTapCoSo_Nhom1\driver\libstm\libLibraries.a(stm32f401re_usart.o)
                0x08004c8e                USART_GetITStatus
 .text.USART_ClearITPendingBit
                0x08004d44       0x3a D:\TTCS_test\KiemTraGiuaKy_ThucTapCoSo_Nhom1\driver\libstm\libLibraries.a(stm32f401re_usart.o)
                0x08004d44                USART_ClearITPendingBit
 .text.ucg_clip_is_x_visible
                0x08004d7e       0x4a D:\TTCS_test\KiemTraGiuaKy_ThucTapCoSo_Nhom1\driver\libstm\libLibraries.a(ucg_clip.o)
 .text.ucg_clip_is_y_visible
                0x08004dc8       0x4a D:\TTCS_test\KiemTraGiuaKy_ThucTapCoSo_Nhom1\driver\libstm\libLibraries.a(ucg_clip.o)
 .text.ucg_clip_intersection
                0x08004e12       0x74 D:\TTCS_test\KiemTraGiuaKy_ThucTapCoSo_Nhom1\driver\libstm\libLibraries.a(ucg_clip.o)
 .text.ucg_clip_is_pixel_visible
                0x08004e86       0x32 D:\TTCS_test\KiemTraGiuaKy_ThucTapCoSo_Nhom1\driver\libstm\libLibraries.a(ucg_clip.o)
                0x08004e86                ucg_clip_is_pixel_visible
 .text.ucg_clip_l90fx
                0x08004eb8      0x300 D:\TTCS_test\KiemTraGiuaKy_ThucTapCoSo_Nhom1\driver\libstm\libLibraries.a(ucg_clip.o)
                0x08004eb8                ucg_clip_l90fx
 .text.ucg_clip_l90se
                0x080051b8       0x54 D:\TTCS_test\KiemTraGiuaKy_ThucTapCoSo_Nhom1\driver\libstm\libLibraries.a(ucg_clip.o)
                0x080051b8                ucg_clip_l90se
 .text.ucg_com_PowerDown
                0x0800520c       0x3e D:\TTCS_test\KiemTraGiuaKy_ThucTapCoSo_Nhom1\driver\libstm\libLibraries.a(ucg_com_msg_api.o)
                0x0800520c                ucg_com_PowerDown
 .text.ucg_com_PowerUp
                0x0800524a       0x60 D:\TTCS_test\KiemTraGiuaKy_ThucTapCoSo_Nhom1\driver\libstm\libLibraries.a(ucg_com_msg_api.o)
                0x0800524a                ucg_com_PowerUp
 .text.ucg_com_SetLineStatus
                0x080052aa       0xe2 D:\TTCS_test\KiemTraGiuaKy_ThucTapCoSo_Nhom1\driver\libstm\libLibraries.a(ucg_com_msg_api.o)
                0x080052aa                ucg_com_SetLineStatus
 .text.ucg_com_SetResetLineStatus
                0x0800538c       0x20 D:\TTCS_test\KiemTraGiuaKy_ThucTapCoSo_Nhom1\driver\libstm\libLibraries.a(ucg_com_msg_api.o)
                0x0800538c                ucg_com_SetResetLineStatus
 .text.ucg_com_SetCSLineStatus
                0x080053ac       0x20 D:\TTCS_test\KiemTraGiuaKy_ThucTapCoSo_Nhom1\driver\libstm\libLibraries.a(ucg_com_msg_api.o)
                0x080053ac                ucg_com_SetCSLineStatus
 .text.ucg_com_SetCDLineStatus
                0x080053cc       0x20 D:\TTCS_test\KiemTraGiuaKy_ThucTapCoSo_Nhom1\driver\libstm\libLibraries.a(ucg_com_msg_api.o)
                0x080053cc                ucg_com_SetCDLineStatus
 .text.ucg_com_DelayMicroseconds
                0x080053ec       0x22 D:\TTCS_test\KiemTraGiuaKy_ThucTapCoSo_Nhom1\driver\libstm\libLibraries.a(ucg_com_msg_api.o)
                0x080053ec                ucg_com_DelayMicroseconds
 .text.ucg_com_DelayMilliseconds
                0x0800540e       0x2c D:\TTCS_test\KiemTraGiuaKy_ThucTapCoSo_Nhom1\driver\libstm\libLibraries.a(ucg_com_msg_api.o)
                0x0800540e                ucg_com_DelayMilliseconds
 .text.ucg_com_SendByte
                0x0800543a       0x24 D:\TTCS_test\KiemTraGiuaKy_ThucTapCoSo_Nhom1\driver\libstm\libLibraries.a(ucg_com_msg_api.o)
                0x0800543a                ucg_com_SendByte
 .text.ucg_com_SendStringP
                0x0800545e       0x40 D:\TTCS_test\KiemTraGiuaKy_ThucTapCoSo_Nhom1\driver\libstm\libLibraries.a(ucg_com_msg_api.o)
                0x0800545e                ucg_com_SendStringP
 .text.ucg_com_SendCmdArg
                0x0800549e       0x74 D:\TTCS_test\KiemTraGiuaKy_ThucTapCoSo_Nhom1\driver\libstm\libLibraries.a(ucg_com_msg_api.o)
 *fill*         0x08005512        0x2 
 .text.ucg_com_SendCmdSeq
                0x08005514      0x278 D:\TTCS_test\KiemTraGiuaKy_ThucTapCoSo_Nhom1\driver\libstm\libLibraries.a(ucg_com_msg_api.o)
                0x08005514                ucg_com_SendCmdSeq
 .text.sprintf  0x0800578c       0x40 C:/ST/STM32CubeIDE_1.15.0/STM32CubeIDE/plugins/com.st.stm32cube.ide.mcu.externaltools.gnu-tools-for-stm32.12.3.rel1.win32_1.0.100.202403111256/tools/bin/../lib/gcc/arm-none-eabi/12.3.1/../../../../arm-none-eabi/lib/thumb/v7e-m+fp/hard\libc_nano.a(libc_a-sprintf.o)
                0x0800578c                siprintf
                0x0800578c                sprintf
 .text.memset   0x080057cc       0x10 C:/ST/STM32CubeIDE_1.15.0/STM32CubeIDE/plugins/com.st.stm32cube.ide.mcu.externaltools.gnu-tools-for-stm32.12.3.rel1.win32_1.0.100.202403111256/tools/bin/../lib/gcc/arm-none-eabi/12.3.1/../../../../arm-none-eabi/lib/thumb/v7e-m+fp/hard\libc_nano.a(libc_a-memset.o)
                0x080057cc                memset
 .text.__errno  0x080057dc        0xc C:/ST/STM32CubeIDE_1.15.0/STM32CubeIDE/plugins/com.st.stm32cube.ide.mcu.externaltools.gnu-tools-for-stm32.12.3.rel1.win32_1.0.100.202403111256/tools/bin/../lib/gcc/arm-none-eabi/12.3.1/../../../../arm-none-eabi/lib/thumb/v7e-m+fp/hard\libc_nano.a(libc_a-errno.o)
                0x080057dc                __errno
 .text.__libc_init_array
                0x080057e8       0x48 C:/ST/STM32CubeIDE_1.15.0/STM32CubeIDE/plugins/com.st.stm32cube.ide.mcu.externaltools.gnu-tools-for-stm32.12.3.rel1.win32_1.0.100.202403111256/tools/bin/../lib/gcc/arm-none-eabi/12.3.1/../../../../arm-none-eabi/lib/thumb/v7e-m+fp/hard\libc_nano.a(libc_a-init.o)
                0x080057e8                __libc_init_array
 .text.__retarget_lock_acquire_recursive
                0x08005830        0x2 C:/ST/STM32CubeIDE_1.15.0/STM32CubeIDE/plugins/com.st.stm32cube.ide.mcu.externaltools.gnu-tools-for-stm32.12.3.rel1.win32_1.0.100.202403111256/tools/bin/../lib/gcc/arm-none-eabi/12.3.1/../../../../arm-none-eabi/lib/thumb/v7e-m+fp/hard\libc_nano.a(libc_a-lock.o)
                0x08005830                __retarget_lock_acquire_recursive
 .text.__retarget_lock_release_recursive
                0x08005832        0x2 C:/ST/STM32CubeIDE_1.15.0/STM32CubeIDE/plugins/com.st.stm32cube.ide.mcu.externaltools.gnu-tools-for-stm32.12.3.rel1.win32_1.0.100.202403111256/tools/bin/../lib/gcc/arm-none-eabi/12.3.1/../../../../arm-none-eabi/lib/thumb/v7e-m+fp/hard\libc_nano.a(libc_a-lock.o)
                0x08005832                __retarget_lock_release_recursive
 .text._free_r  0x08005834       0x94 C:/ST/STM32CubeIDE_1.15.0/STM32CubeIDE/plugins/com.st.stm32cube.ide.mcu.externaltools.gnu-tools-for-stm32.12.3.rel1.win32_1.0.100.202403111256/tools/bin/../lib/gcc/arm-none-eabi/12.3.1/../../../../arm-none-eabi/lib/thumb/v7e-m+fp/hard\libc_nano.a(libc_a-freer.o)
                0x08005834                _free_r
 .text.sbrk_aligned
                0x080058c8       0x44 C:/ST/STM32CubeIDE_1.15.0/STM32CubeIDE/plugins/com.st.stm32cube.ide.mcu.externaltools.gnu-tools-for-stm32.12.3.rel1.win32_1.0.100.202403111256/tools/bin/../lib/gcc/arm-none-eabi/12.3.1/../../../../arm-none-eabi/lib/thumb/v7e-m+fp/hard\libc_nano.a(libc_a-mallocr.o)
 .text._malloc_r
                0x0800590c      0x100 C:/ST/STM32CubeIDE_1.15.0/STM32CubeIDE/plugins/com.st.stm32cube.ide.mcu.externaltools.gnu-tools-for-stm32.12.3.rel1.win32_1.0.100.202403111256/tools/bin/../lib/gcc/arm-none-eabi/12.3.1/../../../../arm-none-eabi/lib/thumb/v7e-m+fp/hard\libc_nano.a(libc_a-mallocr.o)
                0x0800590c                _malloc_r
 .text.__malloc_lock
                0x08005a0c        0xc C:/ST/STM32CubeIDE_1.15.0/STM32CubeIDE/plugins/com.st.stm32cube.ide.mcu.externaltools.gnu-tools-for-stm32.12.3.rel1.win32_1.0.100.202403111256/tools/bin/../lib/gcc/arm-none-eabi/12.3.1/../../../../arm-none-eabi/lib/thumb/v7e-m+fp/hard\libc_nano.a(libc_a-mlock.o)
                0x08005a0c                __malloc_lock
 .text.__malloc_unlock
                0x08005a18        0xc C:/ST/STM32CubeIDE_1.15.0/STM32CubeIDE/plugins/com.st.stm32cube.ide.mcu.externaltools.gnu-tools-for-stm32.12.3.rel1.win32_1.0.100.202403111256/tools/bin/../lib/gcc/arm-none-eabi/12.3.1/../../../../arm-none-eabi/lib/thumb/v7e-m+fp/hard\libc_nano.a(libc_a-mlock.o)
                0x08005a18                __malloc_unlock
 .text.__ssputs_r
                0x08005a24       0xb6 C:/ST/STM32CubeIDE_1.15.0/STM32CubeIDE/plugins/com.st.stm32cube.ide.mcu.externaltools.gnu-tools-for-stm32.12.3.rel1.win32_1.0.100.202403111256/tools/bin/../lib/gcc/arm-none-eabi/12.3.1/../../../../arm-none-eabi/lib/thumb/v7e-m+fp/hard\libc_nano.a(libc_a-nano-svfprintf.o)
                0x08005a24                __ssputs_r
 *fill*         0x08005ada        0x2 
 .text._svfprintf_r
                0x08005adc      0x1f8 C:/ST/STM32CubeIDE_1.15.0/STM32CubeIDE/plugins/com.st.stm32cube.ide.mcu.externaltools.gnu-tools-for-stm32.12.3.rel1.win32_1.0.100.202403111256/tools/bin/../lib/gcc/arm-none-eabi/12.3.1/../../../../arm-none-eabi/lib/thumb/v7e-m+fp/hard\libc_nano.a(libc_a-nano-svfprintf.o)
                0x08005adc                _svfiprintf_r
                0x08005adc                _svfprintf_r
 .text._printf_common
                0x08005cd4       0xda C:/ST/STM32CubeIDE_1.15.0/STM32CubeIDE/plugins/com.st.stm32cube.ide.mcu.externaltools.gnu-tools-for-stm32.12.3.rel1.win32_1.0.100.202403111256/tools/bin/../lib/gcc/arm-none-eabi/12.3.1/../../../../arm-none-eabi/lib/thumb/v7e-m+fp/hard\libc_nano.a(libc_a-nano-vfprintf_i.o)
                0x08005cd4                _printf_common
 *fill*         0x08005dae        0x2 
 .text._printf_i
                0x08005db0      0x240 C:/ST/STM32CubeIDE_1.15.0/STM32CubeIDE/plugins/com.st.stm32cube.ide.mcu.externaltools.gnu-tools-for-stm32.12.3.rel1.win32_1.0.100.202403111256/tools/bin/../lib/gcc/arm-none-eabi/12.3.1/../../../../arm-none-eabi/lib/thumb/v7e-m+fp/hard\libc_nano.a(libc_a-nano-vfprintf_i.o)
                0x08005db0                _printf_i
 .text.memmove  0x08005ff0       0x34 C:/ST/STM32CubeIDE_1.15.0/STM32CubeIDE/plugins/com.st.stm32cube.ide.mcu.externaltools.gnu-tools-for-stm32.12.3.rel1.win32_1.0.100.202403111256/tools/bin/../lib/gcc/arm-none-eabi/12.3.1/../../../../arm-none-eabi/lib/thumb/v7e-m+fp/hard\libc_nano.a(libc_a-memmove.o)
                0x08005ff0                memmove
 .text._sbrk_r  0x08006024       0x20 C:/ST/STM32CubeIDE_1.15.0/STM32CubeIDE/plugins/com.st.stm32cube.ide.mcu.externaltools.gnu-tools-for-stm32.12.3.rel1.win32_1.0.100.202403111256/tools/bin/../lib/gcc/arm-none-eabi/12.3.1/../../../../arm-none-eabi/lib/thumb/v7e-m+fp/hard\libc_nano.a(libc_a-sbrkr.o)
                0x08006024                _sbrk_r
 .text.memcpy   0x08006044       0x1c C:/ST/STM32CubeIDE_1.15.0/STM32CubeIDE/plugins/com.st.stm32cube.ide.mcu.externaltools.gnu-tools-for-stm32.12.3.rel1.win32_1.0.100.202403111256/tools/bin/../lib/gcc/arm-none-eabi/12.3.1/../../../../arm-none-eabi/lib/thumb/v7e-m+fp/hard\libc_nano.a(libc_a-memcpy-stub.o)
                0x08006044                memcpy
 .text._realloc_r
                0x08006060       0x5c C:/ST/STM32CubeIDE_1.15.0/STM32CubeIDE/plugins/com.st.stm32cube.ide.mcu.externaltools.gnu-tools-for-stm32.12.3.rel1.win32_1.0.100.202403111256/tools/bin/../lib/gcc/arm-none-eabi/12.3.1/../../../../arm-none-eabi/lib/thumb/v7e-m+fp/hard\libc_nano.a(libc_a-reallocr.o)
                0x08006060                _realloc_r
 .text._malloc_usable_size_r
                0x080060bc       0x10 C:/ST/STM32CubeIDE_1.15.0/STM32CubeIDE/plugins/com.st.stm32cube.ide.mcu.externaltools.gnu-tools-for-stm32.12.3.rel1.win32_1.0.100.202403111256/tools/bin/../lib/gcc/arm-none-eabi/12.3.1/../../../../arm-none-eabi/lib/thumb/v7e-m+fp/hard\libc_nano.a(libc_a-msizer.o)
                0x080060bc                _malloc_usable_size_r
 *(.glue_7)
 .glue_7        0x080060cc        0x0 linker stubs
 *(.glue_7t)
 .glue_7t       0x080060cc        0x0 linker stubs
 *(.eh_frame)
 .eh_frame      0x080060cc        0x0 C:/ST/STM32CubeIDE_1.15.0/STM32CubeIDE/plugins/com.st.stm32cube.ide.mcu.externaltools.gnu-tools-for-stm32.12.3.rel1.win32_1.0.100.202403111256/tools/bin/../lib/gcc/arm-none-eabi/12.3.1/thumb/v7e-m+fp/hard/crtbegin.o
 *(.init)
 .init          0x080060cc        0x4 C:/ST/STM32CubeIDE_1.15.0/STM32CubeIDE/plugins/com.st.stm32cube.ide.mcu.externaltools.gnu-tools-for-stm32.12.3.rel1.win32_1.0.100.202403111256/tools/bin/../lib/gcc/arm-none-eabi/12.3.1/thumb/v7e-m+fp/hard/crti.o
                0x080060cc                _init
 .init          0x080060d0        0x8 C:/ST/STM32CubeIDE_1.15.0/STM32CubeIDE/plugins/com.st.stm32cube.ide.mcu.externaltools.gnu-tools-for-stm32.12.3.rel1.win32_1.0.100.202403111256/tools/bin/../lib/gcc/arm-none-eabi/12.3.1/thumb/v7e-m+fp/hard/crtn.o
 *(.fini)
 .fini          0x080060d8        0x4 C:/ST/STM32CubeIDE_1.15.0/STM32CubeIDE/plugins/com.st.stm32cube.ide.mcu.externaltools.gnu-tools-for-stm32.12.3.rel1.win32_1.0.100.202403111256/tools/bin/../lib/gcc/arm-none-eabi/12.3.1/thumb/v7e-m+fp/hard/crti.o
                0x080060d8                _fini
 .fini          0x080060dc        0x8 C:/ST/STM32CubeIDE_1.15.0/STM32CubeIDE/plugins/com.st.stm32cube.ide.mcu.externaltools.gnu-tools-for-stm32.12.3.rel1.win32_1.0.100.202403111256/tools/bin/../lib/gcc/arm-none-eabi/12.3.1/thumb/v7e-m+fp/hard/crtn.o
                0x080060e4                        . = ALIGN (0x4)
                0x080060e4                        _etext = .

.vfp11_veneer   0x080060e4        0x0
 .vfp11_veneer  0x080060e4        0x0 linker stubs

.v4_bx          0x080060e4        0x0
 .v4_bx         0x080060e4        0x0 linker stubs

.iplt           0x080060e4        0x0
 .iplt          0x080060e4        0x0 C:/ST/STM32CubeIDE_1.15.0/STM32CubeIDE/plugins/com.st.stm32cube.ide.mcu.externaltools.gnu-tools-for-stm32.12.3.rel1.win32_1.0.100.202403111256/tools/bin/../lib/gcc/arm-none-eabi/12.3.1/thumb/v7e-m+fp/hard/crtbegin.o

.rodata         0x080060e4      0x924
                0x080060e4                        . = ALIGN (0x4)
 *(.rodata)
 .rodata        0x080060e4       0x58 ./Src/main.o
 .rodata        0x0800613c        0xf D:\TTCS_test\KiemTraGiuaKy_ThucTapCoSo_Nhom1\driver\libstm\libLibraries.a(ucg_font.o)
 *(.rodata*)
 *fill*         0x0800614b        0x1 
 .rodata.ucg_st7735_set_pos_seq
                0x0800614c       0x1e D:\TTCS_test\KiemTraGiuaKy_ThucTapCoSo_Nhom1\driver\libstm\libLibraries.a(ucg_dev_ic_st7735.o)
                0x0800614c                ucg_st7735_set_pos_seq
 *fill*         0x0800616a        0x2 
 .rodata.ucg_st7735_set_pos_dir0_seq
                0x0800616c       0x1e D:\TTCS_test\KiemTraGiuaKy_ThucTapCoSo_Nhom1\driver\libstm\libLibraries.a(ucg_dev_ic_st7735.o)
                0x0800616c                ucg_st7735_set_pos_dir0_seq
 *fill*         0x0800618a        0x2 
 .rodata.ucg_st7735_set_pos_dir1_seq
                0x0800618c       0x21 D:\TTCS_test\KiemTraGiuaKy_ThucTapCoSo_Nhom1\driver\libstm\libLibraries.a(ucg_dev_ic_st7735.o)
                0x0800618c                ucg_st7735_set_pos_dir1_seq
 *fill*         0x080061ad        0x3 
 .rodata.ucg_st7735_set_pos_dir2_seq
                0x080061b0       0x21 D:\TTCS_test\KiemTraGiuaKy_ThucTapCoSo_Nhom1\driver\libstm\libLibraries.a(ucg_dev_ic_st7735.o)
                0x080061b0                ucg_st7735_set_pos_dir2_seq
 *fill*         0x080061d1        0x3 
 .rodata.ucg_st7735_set_pos_dir3_seq
                0x080061d4       0x24 D:\TTCS_test\KiemTraGiuaKy_ThucTapCoSo_Nhom1\driver\libstm\libLibraries.a(ucg_dev_ic_st7735.o)
                0x080061d4                ucg_st7735_set_pos_dir3_seq
 .rodata.ucg_st7735_power_down_seq
                0x080061f8        0x7 D:\TTCS_test\KiemTraGiuaKy_ThucTapCoSo_Nhom1\driver\libstm\libLibraries.a(ucg_dev_ic_st7735.o)
 *fill*         0x080061ff        0x1 
 .rodata.ucg_tft_128x160_st7735_init_seq
                0x08006200       0x2c D:\TTCS_test\KiemTraGiuaKy_ThucTapCoSo_Nhom1\driver\libstm\libLibraries.a(ucg_dev_tft_128x128_st7735.o)
 .rodata.ucg_font_ncenR12_hr
                0x0800622c      0x7a8 D:\TTCS_test\KiemTraGiuaKy_ThucTapCoSo_Nhom1\driver\libstm\libLibraries.a(ucg_pixel_font_data.o)
                0x0800622c                ucg_font_ncenR12_hr
 .rodata._svfprintf_r.str1.1
                0x080069d4       0x11 C:/ST/STM32CubeIDE_1.15.0/STM32CubeIDE/plugins/com.st.stm32cube.ide.mcu.externaltools.gnu-tools-for-stm32.12.3.rel1.win32_1.0.100.202403111256/tools/bin/../lib/gcc/arm-none-eabi/12.3.1/../../../../arm-none-eabi/lib/thumb/v7e-m+fp/hard\libc_nano.a(libc_a-nano-svfprintf.o)
 .rodata._printf_i.str1.1
                0x080069e5       0x22 C:/ST/STM32CubeIDE_1.15.0/STM32CubeIDE/plugins/com.st.stm32cube.ide.mcu.externaltools.gnu-tools-for-stm32.12.3.rel1.win32_1.0.100.202403111256/tools/bin/../lib/gcc/arm-none-eabi/12.3.1/../../../../arm-none-eabi/lib/thumb/v7e-m+fp/hard\libc_nano.a(libc_a-nano-vfprintf_i.o)
                0x08006a08                        . = ALIGN (0x4)
 *fill*         0x08006a07        0x1 

.ARM.extab      0x08006a08        0x0
                0x08006a08                        . = ALIGN (0x4)
 *(.ARM.extab* .gnu.linkonce.armextab.*)
                0x08006a08                        . = ALIGN (0x4)

.ARM            0x08006a08        0x8
                0x08006a08                        . = ALIGN (0x4)
                0x08006a08                        __exidx_start = .
 *(.ARM.exidx*)
 .ARM.exidx     0x08006a08        0x8 C:/ST/STM32CubeIDE_1.15.0/STM32CubeIDE/plugins/com.st.stm32cube.ide.mcu.externaltools.gnu-tools-for-stm32.12.3.rel1.win32_1.0.100.202403111256/tools/bin/../lib/gcc/arm-none-eabi/12.3.1/../../../../arm-none-eabi/lib/thumb/v7e-m+fp/hard\libc_nano.a(libc_a-memchr.o)
                0x08006a10                        __exidx_end = .
                0x08006a10                        . = ALIGN (0x4)

.rel.dyn        0x08006a10        0x0
 .rel.iplt      0x08006a10        0x0 C:/ST/STM32CubeIDE_1.15.0/STM32CubeIDE/plugins/com.st.stm32cube.ide.mcu.externaltools.gnu-tools-for-stm32.12.3.rel1.win32_1.0.100.202403111256/tools/bin/../lib/gcc/arm-none-eabi/12.3.1/thumb/v7e-m+fp/hard/crtbegin.o

.preinit_array  0x08006a10        0x0
                0x08006a10                        . = ALIGN (0x4)
                0x08006a10                        PROVIDE (__preinit_array_start = .)
 *(.preinit_array*)
                0x08006a10                        PROVIDE (__preinit_array_end = .)
                0x08006a10                        . = ALIGN (0x4)

.init_array     0x08006a10        0x4
                0x08006a10                        . = ALIGN (0x4)
                0x08006a10                        PROVIDE (__init_array_start = .)
 *(SORT_BY_NAME(.init_array.*))
 *(.init_array*)
 .init_array    0x08006a10        0x4 C:/ST/STM32CubeIDE_1.15.0/STM32CubeIDE/plugins/com.st.stm32cube.ide.mcu.externaltools.gnu-tools-for-stm32.12.3.rel1.win32_1.0.100.202403111256/tools/bin/../lib/gcc/arm-none-eabi/12.3.1/thumb/v7e-m+fp/hard/crtbegin.o
                0x08006a14                        PROVIDE (__init_array_end = .)
                0x08006a14                        . = ALIGN (0x4)

.fini_array     0x08006a14        0x4
                0x08006a14                        . = ALIGN (0x4)
                [!provide]                        PROVIDE (__fini_array_start = .)
 *(SORT_BY_NAME(.fini_array.*))
 *(.fini_array*)
 .fini_array    0x08006a14        0x4 C:/ST/STM32CubeIDE_1.15.0/STM32CubeIDE/plugins/com.st.stm32cube.ide.mcu.externaltools.gnu-tools-for-stm32.12.3.rel1.win32_1.0.100.202403111256/tools/bin/../lib/gcc/arm-none-eabi/12.3.1/thumb/v7e-m+fp/hard/crtbegin.o
                [!provide]                        PROVIDE (__fini_array_end = .)
                0x08006a18                        . = ALIGN (0x4)
                0x08006a18                        _sidata = LOADADDR (.data)

.data           0x20000000       0x78 load address 0x08006a18
                0x20000000                        . = ALIGN (0x4)
                0x20000000                        _sdata = .
 *(.data)
 *(.data*)
 .data.APBAHBPrescTable
                0x20000000       0x10 ./driver/share/Src/stm32f401re_rcc.o
 .data.SystemCoreClock
                0x20000010        0x4 D:\TTCS_test\KiemTraGiuaKy_ThucTapCoSo_Nhom1\driver\libstm\libLibraries.a(system_stm32f4xx.o)
                0x20000010                SystemCoreClock
 .data.AHBPrescTable
                0x20000014       0x10 D:\TTCS_test\KiemTraGiuaKy_ThucTapCoSo_Nhom1\driver\libstm\libLibraries.a(system_stm32f4xx.o)
                0x20000014                AHBPrescTable
 .data.idTaskScanDecodeLen
                0x20000024        0x1 D:\TTCS_test\KiemTraGiuaKy_ThucTapCoSo_Nhom1\driver\libstm\libLibraries.a(ucg_font.o)
 *fill*         0x20000025        0x3 
 .data._impure_ptr
                0x20000028        0x4 C:/ST/STM32CubeIDE_1.15.0/STM32CubeIDE/plugins/com.st.stm32cube.ide.mcu.externaltools.gnu-tools-for-stm32.12.3.rel1.win32_1.0.100.202403111256/tools/bin/../lib/gcc/arm-none-eabi/12.3.1/../../../../arm-none-eabi/lib/thumb/v7e-m+fp/hard\libc_nano.a(libc_a-impure.o)
                0x20000028                _impure_ptr
 .data._impure_data
                0x2000002c       0x4c C:/ST/STM32CubeIDE_1.15.0/STM32CubeIDE/plugins/com.st.stm32cube.ide.mcu.externaltools.gnu-tools-for-stm32.12.3.rel1.win32_1.0.100.202403111256/tools/bin/../lib/gcc/arm-none-eabi/12.3.1/../../../../arm-none-eabi/lib/thumb/v7e-m+fp/hard\libc_nano.a(libc_a-impure.o)
                0x2000002c                _impure_data
 *(.RamFunc)
 *(.RamFunc*)
                0x20000078                        . = ALIGN (0x4)
                0x20000078                        _edata = .

.igot.plt       0x20000078        0x0 load address 0x08006a90
 .igot.plt      0x20000078        0x0 C:/ST/STM32CubeIDE_1.15.0/STM32CubeIDE/plugins/com.st.stm32cube.ide.mcu.externaltools.gnu-tools-for-stm32.12.3.rel1.win32_1.0.100.202403111256/tools/bin/../lib/gcc/arm-none-eabi/12.3.1/thumb/v7e-m+fp/hard/crtbegin.o
                0x20000078                        . = ALIGN (0x4)

.bss            0x20000078     0x1468 load address 0x08006a90
                0x20000078                        _sbss = .
                0x20000078                        __bss_start__ = _sbss
 *(.bss)
 .bss           0x20000078       0x1c C:/ST/STM32CubeIDE_1.15.0/STM32CubeIDE/plugins/com.st.stm32cube.ide.mcu.externaltools.gnu-tools-for-stm32.12.3.rel1.win32_1.0.100.202403111256/tools/bin/../lib/gcc/arm-none-eabi/12.3.1/thumb/v7e-m+fp/hard/crtbegin.o
 *(.bss*)
 .bss.ucg       0x20000094       0xb4 ./Src/main.o
 .bss.time_initial
                0x20000148        0x4 ./Src/main.o
                0x20000148                time_initial
 .bss.time_current
                0x2000014c        0x4 ./Src/main.o
                0x2000014c                time_current
 .bss.idTimer   0x20000150        0x4 ./Src/main.o
                0x20000150                idTimer
 .bss.src1      0x20000154       0x14 ./Src/main.o
 .bss.src2      0x20000168       0x14 ./Src/main.o
 .bss.src3      0x2000017c       0x14 ./Src/main.o
 .bss.src4      0x20000190       0x14 ./Src/main.o
 .bss.src5      0x200001a4       0x14 ./Src/main.o
 .bss.time_total
                0x200001b8        0x4 ./Src/main.o
 .bss.temperature
                0x200001bc        0x1 ./Src/main.o
 .bss.humidity  0x200001bd        0x1 ./Src/main.o
 .bss.temperature1
                0x200001be        0x1 ./Src/main.o
 .bss.humidity1
                0x200001bf        0x1 ./Src/main.o
 .bss.AdcValue  0x200001c0        0x2 ./Src/main.o
                0x200001c0                AdcValue
 .bss.lightLevelAfterFilter
                0x200001c2        0x2 ./Src/main.o
 .bss.Kanman_light
                0x200001c4        0x2 ./Src/main.o
 *fill*         0x200001c6        0x2 
 .bss.dwTimeInit.1
                0x200001c8        0x4 ./Src/main.o
 .bss.dwTimeTotal.0
                0x200001cc        0x4 ./Src/main.o
 .bss.__sbrk_heap_end
                0x200001d0        0x4 ./Src/sysmem.o
 .bss._err_measure
                0x200001d4        0x4 ./driver/share/Inc/driver/Kalman_filter/kalman_filter.o
 .bss._err_estimate
                0x200001d8        0x4 ./driver/share/Inc/driver/Kalman_filter/kalman_filter.o
 .bss._q        0x200001dc        0x4 ./driver/share/Inc/driver/Kalman_filter/kalman_filter.o
 .bss._current_estimate
                0x200001e0        0x4 ./driver/share/Inc/driver/Kalman_filter/kalman_filter.o
 .bss._last_estimate
                0x200001e4        0x4 ./driver/share/Inc/driver/Kalman_filter/kalman_filter.o
 .bss._kalman_gain
                0x200001e8        0x4 ./driver/share/Inc/driver/Kalman_filter/kalman_filter.o
 .bss.g_pTimerHandle
                0x200001ec      0x180 D:\TTCS_test\KiemTraGiuaKy_ThucTapCoSo_Nhom1\driver\libstm\libLibraries.a(timer.o)
 .bss.g_wMilSecTickTimer
                0x2000036c        0x4 D:\TTCS_test\KiemTraGiuaKy_ThucTapCoSo_Nhom1\driver\libstm\libLibraries.a(timer.o)
 .bss.g_pUartQueueRx
                0x20000370        0x8 D:\TTCS_test\KiemTraGiuaKy_ThucTapCoSo_Nhom1\driver\libstm\libLibraries.a(serial.o)
 .bss.fontQueue
                0x20000378       0x10 D:\TTCS_test\KiemTraGiuaKy_ThucTapCoSo_Nhom1\driver\libstm\libLibraries.a(ucg_font.o)
 .bss.pQueueFont
                0x20000388     0x1000 D:\TTCS_test\KiemTraGiuaKy_ThucTapCoSo_Nhom1\driver\libstm\libLibraries.a(ucg_font.o)
 .bss.next.7562
                0x20001388        0x1 D:\TTCS_test\KiemTraGiuaKy_ThucTapCoSo_Nhom1\driver\libstm\libLibraries.a(ucg_font.o)
 *fill*         0x20001389        0x3 
 .bss.__sf      0x2000138c      0x138 C:/ST/STM32CubeIDE_1.15.0/STM32CubeIDE/plugins/com.st.stm32cube.ide.mcu.externaltools.gnu-tools-for-stm32.12.3.rel1.win32_1.0.100.202403111256/tools/bin/../lib/gcc/arm-none-eabi/12.3.1/../../../../arm-none-eabi/lib/thumb/v7e-m+fp/hard\libc_nano.a(libc_a-findfp.o)
                0x2000138c                __sf
 .bss.errno     0x200014c4        0x4 C:/ST/STM32CubeIDE_1.15.0/STM32CubeIDE/plugins/com.st.stm32cube.ide.mcu.externaltools.gnu-tools-for-stm32.12.3.rel1.win32_1.0.100.202403111256/tools/bin/../lib/gcc/arm-none-eabi/12.3.1/../../../../arm-none-eabi/lib/thumb/v7e-m+fp/hard\libc_nano.a(libc_a-reent.o)
                0x200014c4                errno
 .bss.__lock___malloc_recursive_mutex
                0x200014c8        0x1 C:/ST/STM32CubeIDE_1.15.0/STM32CubeIDE/plugins/com.st.stm32cube.ide.mcu.externaltools.gnu-tools-for-stm32.12.3.rel1.win32_1.0.100.202403111256/tools/bin/../lib/gcc/arm-none-eabi/12.3.1/../../../../arm-none-eabi/lib/thumb/v7e-m+fp/hard\libc_nano.a(libc_a-lock.o)
                0x200014c8                __lock___malloc_recursive_mutex
 *fill*         0x200014c9        0x3 
 .bss.__malloc_sbrk_start
                0x200014cc        0x4 C:/ST/STM32CubeIDE_1.15.0/STM32CubeIDE/plugins/com.st.stm32cube.ide.mcu.externaltools.gnu-tools-for-stm32.12.3.rel1.win32_1.0.100.202403111256/tools/bin/../lib/gcc/arm-none-eabi/12.3.1/../../../../arm-none-eabi/lib/thumb/v7e-m+fp/hard\libc_nano.a(libc_a-mallocr.o)
                0x200014cc                __malloc_sbrk_start
 .bss.__malloc_free_list
                0x200014d0        0x4 C:/ST/STM32CubeIDE_1.15.0/STM32CubeIDE/plugins/com.st.stm32cube.ide.mcu.externaltools.gnu-tools-for-stm32.12.3.rel1.win32_1.0.100.202403111256/tools/bin/../lib/gcc/arm-none-eabi/12.3.1/../../../../arm-none-eabi/lib/thumb/v7e-m+fp/hard\libc_nano.a(libc_a-mallocr.o)
                0x200014d0                __malloc_free_list
 *(COMMON)
 COMMON         0x200014d4        0xc D:\TTCS_test\KiemTraGiuaKy_ThucTapCoSo_Nhom1\driver\libstm\libLibraries.a(ucg_font.o)
                0x200014d4                ucg_draw_str
                0x200014e0                        . = ALIGN (0x4)
                0x200014e0                        _ebss = .
                0x200014e0                        __bss_end__ = _ebss

._user_heap_stack
                0x200014e0      0x600 load address 0x08006a90
                0x200014e0                        . = ALIGN (0x8)
                [!provide]                        PROVIDE (end = .)
                0x200014e0                        PROVIDE (_end = .)
                0x200016e0                        . = (. + _Min_Heap_Size)
 *fill*         0x200014e0      0x200 
                0x20001ae0                        . = (. + _Min_Stack_Size)
 *fill*         0x200016e0      0x400 
                0x20001ae0                        . = ALIGN (0x8)

/DISCARD/
 libc.a(*)
 libm.a(*)
 libgcc.a(*)

.ARM.attributes
                0x00000000       0x30
 *(.ARM.attributes)
 .ARM.attributes
                0x00000000       0x22 C:/ST/STM32CubeIDE_1.15.0/STM32CubeIDE/plugins/com.st.stm32cube.ide.mcu.externaltools.gnu-tools-for-stm32.12.3.rel1.win32_1.0.100.202403111256/tools/bin/../lib/gcc/arm-none-eabi/12.3.1/thumb/v7e-m+fp/hard/crti.o
 .ARM.attributes
                0x00000022       0x34 C:/ST/STM32CubeIDE_1.15.0/STM32CubeIDE/plugins/com.st.stm32cube.ide.mcu.externaltools.gnu-tools-for-stm32.12.3.rel1.win32_1.0.100.202403111256/tools/bin/../lib/gcc/arm-none-eabi/12.3.1/thumb/v7e-m+fp/hard/crtbegin.o
 .ARM.attributes
                0x00000056       0x34 ./Src/main.o
 .ARM.attributes
                0x0000008a       0x34 ./Src/sysmem.o
 .ARM.attributes
                0x000000be       0x21 ./Startup/startup_stm32f401retx.o
 .ARM.attributes
                0x000000df       0x34 ./driver/share/Inc/driver/Kalman_filter/kalman_filter.o
 .ARM.attributes
                0x00000113       0x34 ./driver/share/Src/stm32f401re_gpio.o
 .ARM.attributes
                0x00000147       0x34 ./driver/share/Src/stm32f401re_rcc.o
 .ARM.attributes
                0x0000017b       0x39 D:\TTCS_test\KiemTraGiuaKy_ThucTapCoSo_Nhom1\driver\libstm\libLibraries.a(system_stm32f4xx.o)
 .ARM.attributes
                0x000001b4       0x39 D:\TTCS_test\KiemTraGiuaKy_ThucTapCoSo_Nhom1\driver\libstm\libLibraries.a(stm32f401re_adc.o)
 .ARM.attributes
                0x000001ed       0x39 D:\TTCS_test\KiemTraGiuaKy_ThucTapCoSo_Nhom1\driver\libstm\libLibraries.a(stm32f401re_i2c.o)
 .ARM.attributes
                0x00000226       0x39 D:\TTCS_test\KiemTraGiuaKy_ThucTapCoSo_Nhom1\driver\libstm\libLibraries.a(stm32f401re_tim.o)
 .ARM.attributes
                0x0000025f       0x39 D:\TTCS_test\KiemTraGiuaKy_ThucTapCoSo_Nhom1\driver\libstm\libLibraries.a(timer.o)
 .ARM.attributes
                0x00000298       0x39 D:\TTCS_test\KiemTraGiuaKy_ThucTapCoSo_Nhom1\driver\libstm\libLibraries.a(temhumsensor.o)
 .ARM.attributes
                0x000002d1       0x39 D:\TTCS_test\KiemTraGiuaKy_ThucTapCoSo_Nhom1\driver\libstm\libLibraries.a(serial.o)
 .ARM.attributes
                0x0000030a       0x39 D:\TTCS_test\KiemTraGiuaKy_ThucTapCoSo_Nhom1\driver\libstm\libLibraries.a(Ucglib.o)
 .ARM.attributes
                0x00000343       0x39 D:\TTCS_test\KiemTraGiuaKy_ThucTapCoSo_Nhom1\driver\libstm\libLibraries.a(ucg_box.o)
 .ARM.attributes
                0x0000037c       0x39 D:\TTCS_test\KiemTraGiuaKy_ThucTapCoSo_Nhom1\driver\libstm\libLibraries.a(ucg_ccs.o)
 .ARM.attributes
                0x000003b5       0x39 D:\TTCS_test\KiemTraGiuaKy_ThucTapCoSo_Nhom1\driver\libstm\libLibraries.a(ucg_dev_default_cb.o)
 .ARM.attributes
                0x000003ee       0x39 D:\TTCS_test\KiemTraGiuaKy_ThucTapCoSo_Nhom1\driver\libstm\libLibraries.a(ucg_dev_ic_st7735.o)
 .ARM.attributes
                0x00000427       0x39 D:\TTCS_test\KiemTraGiuaKy_ThucTapCoSo_Nhom1\driver\libstm\libLibraries.a(ucg_dev_msg_api.o)
 .ARM.attributes
                0x00000460       0x39 D:\TTCS_test\KiemTraGiuaKy_ThucTapCoSo_Nhom1\driver\libstm\libLibraries.a(ucg_dev_tft_128x128_st7735.o)
 .ARM.attributes
                0x00000499       0x39 D:\TTCS_test\KiemTraGiuaKy_ThucTapCoSo_Nhom1\driver\libstm\libLibraries.a(ucg_font.o)
 .ARM.attributes
                0x000004d2       0x39 D:\TTCS_test\KiemTraGiuaKy_ThucTapCoSo_Nhom1\driver\libstm\libLibraries.a(ucg_init.o)
 .ARM.attributes
                0x0000050b       0x39 D:\TTCS_test\KiemTraGiuaKy_ThucTapCoSo_Nhom1\driver\libstm\libLibraries.a(ucg_line.o)
 .ARM.attributes
                0x00000544       0x39 D:\TTCS_test\KiemTraGiuaKy_ThucTapCoSo_Nhom1\driver\libstm\libLibraries.a(ucg_pixel.o)
 .ARM.attributes
                0x0000057d       0x39 D:\TTCS_test\KiemTraGiuaKy_ThucTapCoSo_Nhom1\driver\libstm\libLibraries.a(ucg_pixel_font_data.o)
 .ARM.attributes
                0x000005b6       0x39 D:\TTCS_test\KiemTraGiuaKy_ThucTapCoSo_Nhom1\driver\libstm\libLibraries.a(ucg_rotate.o)
 .ARM.attributes
                0x000005ef       0x39 D:\TTCS_test\KiemTraGiuaKy_ThucTapCoSo_Nhom1\driver\libstm\libLibraries.a(buff.o)
 .ARM.attributes
                0x00000628       0x39 D:\TTCS_test\KiemTraGiuaKy_ThucTapCoSo_Nhom1\driver\libstm\libLibraries.a(utilities.o)
 .ARM.attributes
                0x00000661       0x39 D:\TTCS_test\KiemTraGiuaKy_ThucTapCoSo_Nhom1\driver\libstm\libLibraries.a(stm32f401re_usart.o)
 .ARM.attributes
                0x0000069a       0x39 D:\TTCS_test\KiemTraGiuaKy_ThucTapCoSo_Nhom1\driver\libstm\libLibraries.a(ucg_clip.o)
 .ARM.attributes
                0x000006d3       0x39 D:\TTCS_test\KiemTraGiuaKy_ThucTapCoSo_Nhom1\driver\libstm\libLibraries.a(ucg_com_msg_api.o)
 .ARM.attributes
                0x0000070c       0x34 C:/ST/STM32CubeIDE_1.15.0/STM32CubeIDE/plugins/com.st.stm32cube.ide.mcu.externaltools.gnu-tools-for-stm32.12.3.rel1.win32_1.0.100.202403111256/tools/bin/../lib/gcc/arm-none-eabi/12.3.1/../../../../arm-none-eabi/lib/thumb/v7e-m+fp/hard\libc_nano.a(libc_a-findfp.o)
 .ARM.attributes
                0x00000740       0x34 C:/ST/STM32CubeIDE_1.15.0/STM32CubeIDE/plugins/com.st.stm32cube.ide.mcu.externaltools.gnu-tools-for-stm32.12.3.rel1.win32_1.0.100.202403111256/tools/bin/../lib/gcc/arm-none-eabi/12.3.1/../../../../arm-none-eabi/lib/thumb/v7e-m+fp/hard\libc_nano.a(libc_a-sprintf.o)
 .ARM.attributes
                0x00000774       0x34 C:/ST/STM32CubeIDE_1.15.0/STM32CubeIDE/plugins/com.st.stm32cube.ide.mcu.externaltools.gnu-tools-for-stm32.12.3.rel1.win32_1.0.100.202403111256/tools/bin/../lib/gcc/arm-none-eabi/12.3.1/../../../../arm-none-eabi/lib/thumb/v7e-m+fp/hard\libc_nano.a(libc_a-memset.o)
 .ARM.attributes
                0x000007a8       0x34 C:/ST/STM32CubeIDE_1.15.0/STM32CubeIDE/plugins/com.st.stm32cube.ide.mcu.externaltools.gnu-tools-for-stm32.12.3.rel1.win32_1.0.100.202403111256/tools/bin/../lib/gcc/arm-none-eabi/12.3.1/../../../../arm-none-eabi/lib/thumb/v7e-m+fp/hard\libc_nano.a(libc_a-reent.o)
 .ARM.attributes
                0x000007dc       0x34 C:/ST/STM32CubeIDE_1.15.0/STM32CubeIDE/plugins/com.st.stm32cube.ide.mcu.externaltools.gnu-tools-for-stm32.12.3.rel1.win32_1.0.100.202403111256/tools/bin/../lib/gcc/arm-none-eabi/12.3.1/../../../../arm-none-eabi/lib/thumb/v7e-m+fp/hard\libc_nano.a(libc_a-impure.o)
 .ARM.attributes
                0x00000810       0x34 C:/ST/STM32CubeIDE_1.15.0/STM32CubeIDE/plugins/com.st.stm32cube.ide.mcu.externaltools.gnu-tools-for-stm32.12.3.rel1.win32_1.0.100.202403111256/tools/bin/../lib/gcc/arm-none-eabi/12.3.1/../../../../arm-none-eabi/lib/thumb/v7e-m+fp/hard\libc_nano.a(libc_a-errno.o)
 .ARM.attributes
                0x00000844       0x34 C:/ST/STM32CubeIDE_1.15.0/STM32CubeIDE/plugins/com.st.stm32cube.ide.mcu.externaltools.gnu-tools-for-stm32.12.3.rel1.win32_1.0.100.202403111256/tools/bin/../lib/gcc/arm-none-eabi/12.3.1/../../../../arm-none-eabi/lib/thumb/v7e-m+fp/hard\libc_nano.a(libc_a-init.o)
 .ARM.attributes
                0x00000878       0x34 C:/ST/STM32CubeIDE_1.15.0/STM32CubeIDE/plugins/com.st.stm32cube.ide.mcu.externaltools.gnu-tools-for-stm32.12.3.rel1.win32_1.0.100.202403111256/tools/bin/../lib/gcc/arm-none-eabi/12.3.1/../../../../arm-none-eabi/lib/thumb/v7e-m+fp/hard\libc_nano.a(libc_a-lock.o)
 .ARM.attributes
                0x000008ac       0x34 C:/ST/STM32CubeIDE_1.15.0/STM32CubeIDE/plugins/com.st.stm32cube.ide.mcu.externaltools.gnu-tools-for-stm32.12.3.rel1.win32_1.0.100.202403111256/tools/bin/../lib/gcc/arm-none-eabi/12.3.1/../../../../arm-none-eabi/lib/thumb/v7e-m+fp/hard\libc_nano.a(libc_a-freer.o)
 .ARM.attributes
                0x000008e0       0x34 C:/ST/STM32CubeIDE_1.15.0/STM32CubeIDE/plugins/com.st.stm32cube.ide.mcu.externaltools.gnu-tools-for-stm32.12.3.rel1.win32_1.0.100.202403111256/tools/bin/../lib/gcc/arm-none-eabi/12.3.1/../../../../arm-none-eabi/lib/thumb/v7e-m+fp/hard\libc_nano.a(libc_a-mallocr.o)
 .ARM.attributes
                0x00000914       0x34 C:/ST/STM32CubeIDE_1.15.0/STM32CubeIDE/plugins/com.st.stm32cube.ide.mcu.externaltools.gnu-tools-for-stm32.12.3.rel1.win32_1.0.100.202403111256/tools/bin/../lib/gcc/arm-none-eabi/12.3.1/../../../../arm-none-eabi/lib/thumb/v7e-m+fp/hard\libc_nano.a(libc_a-mlock.o)
 .ARM.attributes
                0x00000948       0x34 C:/ST/STM32CubeIDE_1.15.0/STM32CubeIDE/plugins/com.st.stm32cube.ide.mcu.externaltools.gnu-tools-for-stm32.12.3.rel1.win32_1.0.100.202403111256/tools/bin/../lib/gcc/arm-none-eabi/12.3.1/../../../../arm-none-eabi/lib/thumb/v7e-m+fp/hard\libc_nano.a(libc_a-nano-svfprintf.o)
 .ARM.attributes
                0x0000097c       0x34 C:/ST/STM32CubeIDE_1.15.0/STM32CubeIDE/plugins/com.st.stm32cube.ide.mcu.externaltools.gnu-tools-for-stm32.12.3.rel1.win32_1.0.100.202403111256/tools/bin/../lib/gcc/arm-none-eabi/12.3.1/../../../../arm-none-eabi/lib/thumb/v7e-m+fp/hard\libc_nano.a(libc_a-nano-vfprintf_i.o)
 .ARM.attributes
                0x000009b0       0x34 C:/ST/STM32CubeIDE_1.15.0/STM32CubeIDE/plugins/com.st.stm32cube.ide.mcu.externaltools.gnu-tools-for-stm32.12.3.rel1.win32_1.0.100.202403111256/tools/bin/../lib/gcc/arm-none-eabi/12.3.1/../../../../arm-none-eabi/lib/thumb/v7e-m+fp/hard\libc_nano.a(libc_a-memmove.o)
 .ARM.attributes
                0x000009e4       0x34 C:/ST/STM32CubeIDE_1.15.0/STM32CubeIDE/plugins/com.st.stm32cube.ide.mcu.externaltools.gnu-tools-for-stm32.12.3.rel1.win32_1.0.100.202403111256/tools/bin/../lib/gcc/arm-none-eabi/12.3.1/../../../../arm-none-eabi/lib/thumb/v7e-m+fp/hard\libc_nano.a(libc_a-sbrkr.o)
 .ARM.attributes
                0x00000a18       0x1c C:/ST/STM32CubeIDE_1.15.0/STM32CubeIDE/plugins/com.st.stm32cube.ide.mcu.externaltools.gnu-tools-for-stm32.12.3.rel1.win32_1.0.100.202403111256/tools/bin/../lib/gcc/arm-none-eabi/12.3.1/../../../../arm-none-eabi/lib/thumb/v7e-m+fp/hard\libc_nano.a(libc_a-memchr.o)
 .ARM.attributes
                0x00000a34       0x34 C:/ST/STM32CubeIDE_1.15.0/STM32CubeIDE/plugins/com.st.stm32cube.ide.mcu.externaltools.gnu-tools-for-stm32.12.3.rel1.win32_1.0.100.202403111256/tools/bin/../lib/gcc/arm-none-eabi/12.3.1/../../../../arm-none-eabi/lib/thumb/v7e-m+fp/hard\libc_nano.a(libc_a-memcpy-stub.o)
 .ARM.attributes
                0x00000a68       0x34 C:/ST/STM32CubeIDE_1.15.0/STM32CubeIDE/plugins/com.st.stm32cube.ide.mcu.externaltools.gnu-tools-for-stm32.12.3.rel1.win32_1.0.100.202403111256/tools/bin/../lib/gcc/arm-none-eabi/12.3.1/../../../../arm-none-eabi/lib/thumb/v7e-m+fp/hard\libc_nano.a(libc_a-reallocr.o)
 .ARM.attributes
                0x00000a9c       0x34 C:/ST/STM32CubeIDE_1.15.0/STM32CubeIDE/plugins/com.st.stm32cube.ide.mcu.externaltools.gnu-tools-for-stm32.12.3.rel1.win32_1.0.100.202403111256/tools/bin/../lib/gcc/arm-none-eabi/12.3.1/../../../../arm-none-eabi/lib/thumb/v7e-m+fp/hard\libc_nano.a(libc_a-msizer.o)
 .ARM.attributes
                0x00000ad0       0x22 C:/ST/STM32CubeIDE_1.15.0/STM32CubeIDE/plugins/com.st.stm32cube.ide.mcu.externaltools.gnu-tools-for-stm32.12.3.rel1.win32_1.0.100.202403111256/tools/bin/../lib/gcc/arm-none-eabi/12.3.1/thumb/v7e-m+fp/hard\libgcc.a(_arm_muldf3.o)
 .ARM.attributes
                0x00000af2       0x22 C:/ST/STM32CubeIDE_1.15.0/STM32CubeIDE/plugins/com.st.stm32cube.ide.mcu.externaltools.gnu-tools-for-stm32.12.3.rel1.win32_1.0.100.202403111256/tools/bin/../lib/gcc/arm-none-eabi/12.3.1/thumb/v7e-m+fp/hard\libgcc.a(_arm_addsubdf3.o)
 .ARM.attributes
                0x00000b14       0x22 C:/ST/STM32CubeIDE_1.15.0/STM32CubeIDE/plugins/com.st.stm32cube.ide.mcu.externaltools.gnu-tools-for-stm32.12.3.rel1.win32_1.0.100.202403111256/tools/bin/../lib/gcc/arm-none-eabi/12.3.1/thumb/v7e-m+fp/hard\libgcc.a(_arm_truncdfsf2.o)
 .ARM.attributes
                0x00000b36       0x22 C:/ST/STM32CubeIDE_1.15.0/STM32CubeIDE/plugins/com.st.stm32cube.ide.mcu.externaltools.gnu-tools-for-stm32.12.3.rel1.win32_1.0.100.202403111256/tools/bin/../lib/gcc/arm-none-eabi/12.3.1/thumb/v7e-m+fp/hard/crtn.o
OUTPUT(KiemTraGiuaKy_ThucTapCoSo_Nhom1.elf elf32-littlearm)
LOAD linker stubs
LOAD C:/ST/STM32CubeIDE_1.15.0/STM32CubeIDE/plugins/com.st.stm32cube.ide.mcu.externaltools.gnu-tools-for-stm32.12.3.rel1.win32_1.0.100.202403111256/tools/bin/../lib/gcc/arm-none-eabi/12.3.1/../../../../arm-none-eabi/lib/thumb/v7e-m+fp/hard\libc.a
LOAD C:/ST/STM32CubeIDE_1.15.0/STM32CubeIDE/plugins/com.st.stm32cube.ide.mcu.externaltools.gnu-tools-for-stm32.12.3.rel1.win32_1.0.100.202403111256/tools/bin/../lib/gcc/arm-none-eabi/12.3.1/../../../../arm-none-eabi/lib/thumb/v7e-m+fp/hard\libm.a
LOAD C:/ST/STM32CubeIDE_1.15.0/STM32CubeIDE/plugins/com.st.stm32cube.ide.mcu.externaltools.gnu-tools-for-stm32.12.3.rel1.win32_1.0.100.202403111256/tools/bin/../lib/gcc/arm-none-eabi/12.3.1/thumb/v7e-m+fp/hard\libgcc.a

.debug_info     0x00000000    0x3af29
 .debug_info    0x00000000     0x1e59 ./Src/main.o
 .debug_info    0x00001e59      0x168 ./Src/sysmem.o
 .debug_info    0x00001fc1       0x30 ./Startup/startup_stm32f401retx.o
 .debug_info    0x00001ff1      0x1e1 ./driver/share/Inc/driver/Kalman_filter/kalman_filter.o
 .debug_info    0x000021d2      0x590 ./driver/share/Src/stm32f401re_gpio.o
 .debug_info    0x00002762      0xce0 ./driver/share/Src/stm32f401re_rcc.o
 .debug_info    0x00003442      0x5bb D:\TTCS_test\KiemTraGiuaKy_ThucTapCoSo_Nhom1\driver\libstm\libLibraries.a(system_stm32f4xx.o)
 .debug_info    0x000039fd      0xc5d D:\TTCS_test\KiemTraGiuaKy_ThucTapCoSo_Nhom1\driver\libstm\libLibraries.a(stm32f401re_adc.o)
 .debug_info    0x0000465a      0xb9e D:\TTCS_test\KiemTraGiuaKy_ThucTapCoSo_Nhom1\driver\libstm\libLibraries.a(stm32f401re_i2c.o)
 .debug_info    0x000051f8     0x1c73 D:\TTCS_test\KiemTraGiuaKy_ThucTapCoSo_Nhom1\driver\libstm\libLibraries.a(stm32f401re_tim.o)
 .debug_info    0x00006e6b      0x922 D:\TTCS_test\KiemTraGiuaKy_ThucTapCoSo_Nhom1\driver\libstm\libLibraries.a(timer.o)
 .debug_info    0x0000778d      0xafd D:\TTCS_test\KiemTraGiuaKy_ThucTapCoSo_Nhom1\driver\libstm\libLibraries.a(temhumsensor.o)
 .debug_info    0x0000828a      0xb11 D:\TTCS_test\KiemTraGiuaKy_ThucTapCoSo_Nhom1\driver\libstm\libLibraries.a(serial.o)
 .debug_info    0x00008d9b     0x333f D:\TTCS_test\KiemTraGiuaKy_ThucTapCoSo_Nhom1\driver\libstm\libLibraries.a(Ucglib.o)
 .debug_info    0x0000c0da     0x329d D:\TTCS_test\KiemTraGiuaKy_ThucTapCoSo_Nhom1\driver\libstm\libLibraries.a(ucg_box.o)
 .debug_info    0x0000f377     0x2b08 D:\TTCS_test\KiemTraGiuaKy_ThucTapCoSo_Nhom1\driver\libstm\libLibraries.a(ucg_ccs.o)
 .debug_info    0x00011e7f     0x324b D:\TTCS_test\KiemTraGiuaKy_ThucTapCoSo_Nhom1\driver\libstm\libLibraries.a(ucg_dev_default_cb.o)
 .debug_info    0x000150ca     0x3272 D:\TTCS_test\KiemTraGiuaKy_ThucTapCoSo_Nhom1\driver\libstm\libLibraries.a(ucg_dev_ic_st7735.o)
 .debug_info    0x0001833c     0x3178 D:\TTCS_test\KiemTraGiuaKy_ThucTapCoSo_Nhom1\driver\libstm\libLibraries.a(ucg_dev_msg_api.o)
 .debug_info    0x0001b4b4     0x303e D:\TTCS_test\KiemTraGiuaKy_ThucTapCoSo_Nhom1\driver\libstm\libLibraries.a(ucg_dev_tft_128x128_st7735.o)
 .debug_info    0x0001e4f2     0x43ab D:\TTCS_test\KiemTraGiuaKy_ThucTapCoSo_Nhom1\driver\libstm\libLibraries.a(ucg_font.o)
 .debug_info    0x0002289d     0x3856 D:\TTCS_test\KiemTraGiuaKy_ThucTapCoSo_Nhom1\driver\libstm\libLibraries.a(ucg_init.o)
 .debug_info    0x000260f3     0x3222 D:\TTCS_test\KiemTraGiuaKy_ThucTapCoSo_Nhom1\driver\libstm\libLibraries.a(ucg_line.o)
 .debug_info    0x00029315     0x3056 D:\TTCS_test\KiemTraGiuaKy_ThucTapCoSo_Nhom1\driver\libstm\libLibraries.a(ucg_pixel.o)
 .debug_info    0x0002c36b     0x43df D:\TTCS_test\KiemTraGiuaKy_ThucTapCoSo_Nhom1\driver\libstm\libLibraries.a(ucg_pixel_font_data.o)
 .debug_info    0x0003074a     0x3231 D:\TTCS_test\KiemTraGiuaKy_ThucTapCoSo_Nhom1\driver\libstm\libLibraries.a(ucg_rotate.o)
 .debug_info    0x0003397b      0x339 D:\TTCS_test\KiemTraGiuaKy_ThucTapCoSo_Nhom1\driver\libstm\libLibraries.a(buff.o)
 .debug_info    0x00033cb4      0x2bd D:\TTCS_test\KiemTraGiuaKy_ThucTapCoSo_Nhom1\driver\libstm\libLibraries.a(utilities.o)
 .debug_info    0x00033f71      0x9d4 D:\TTCS_test\KiemTraGiuaKy_ThucTapCoSo_Nhom1\driver\libstm\libLibraries.a(stm32f401re_usart.o)
 .debug_info    0x00034945     0x315a D:\TTCS_test\KiemTraGiuaKy_ThucTapCoSo_Nhom1\driver\libstm\libLibraries.a(ucg_clip.o)
 .debug_info    0x00037a9f     0x348a D:\TTCS_test\KiemTraGiuaKy_ThucTapCoSo_Nhom1\driver\libstm\libLibraries.a(ucg_com_msg_api.o)

.debug_abbrev   0x00000000     0x3279
 .debug_abbrev  0x00000000      0x3f6 ./Src/main.o
 .debug_abbrev  0x000003f6       0xbc ./Src/sysmem.o
 .debug_abbrev  0x000004b2       0x24 ./Startup/startup_stm32f401retx.o
 .debug_abbrev  0x000004d6       0xe4 ./driver/share/Inc/driver/Kalman_filter/kalman_filter.o
 .debug_abbrev  0x000005ba      0x1af ./driver/share/Src/stm32f401re_gpio.o
 .debug_abbrev  0x00000769      0x20d ./driver/share/Src/stm32f401re_rcc.o
 .debug_abbrev  0x00000976      0x138 D:\TTCS_test\KiemTraGiuaKy_ThucTapCoSo_Nhom1\driver\libstm\libLibraries.a(system_stm32f4xx.o)
 .debug_abbrev  0x00000aae      0x194 D:\TTCS_test\KiemTraGiuaKy_ThucTapCoSo_Nhom1\driver\libstm\libLibraries.a(stm32f401re_adc.o)
 .debug_abbrev  0x00000c42      0x196 D:\TTCS_test\KiemTraGiuaKy_ThucTapCoSo_Nhom1\driver\libstm\libLibraries.a(stm32f401re_i2c.o)
 .debug_abbrev  0x00000dd8      0x19f D:\TTCS_test\KiemTraGiuaKy_ThucTapCoSo_Nhom1\driver\libstm\libLibraries.a(stm32f401re_tim.o)
 .debug_abbrev  0x00000f77      0x29a D:\TTCS_test\KiemTraGiuaKy_ThucTapCoSo_Nhom1\driver\libstm\libLibraries.a(timer.o)
 .debug_abbrev  0x00001211      0x24a D:\TTCS_test\KiemTraGiuaKy_ThucTapCoSo_Nhom1\driver\libstm\libLibraries.a(temhumsensor.o)
 .debug_abbrev  0x0000145b      0x2ba D:\TTCS_test\KiemTraGiuaKy_ThucTapCoSo_Nhom1\driver\libstm\libLibraries.a(serial.o)
 .debug_abbrev  0x00001715      0x202 D:\TTCS_test\KiemTraGiuaKy_ThucTapCoSo_Nhom1\driver\libstm\libLibraries.a(Ucglib.o)
 .debug_abbrev  0x00001917      0x18b D:\TTCS_test\KiemTraGiuaKy_ThucTapCoSo_Nhom1\driver\libstm\libLibraries.a(ucg_box.o)
 .debug_abbrev  0x00001aa2       0xf5 D:\TTCS_test\KiemTraGiuaKy_ThucTapCoSo_Nhom1\driver\libstm\libLibraries.a(ucg_ccs.o)
 .debug_abbrev  0x00001b97      0x19e D:\TTCS_test\KiemTraGiuaKy_ThucTapCoSo_Nhom1\driver\libstm\libLibraries.a(ucg_dev_default_cb.o)
 .debug_abbrev  0x00001d35      0x1dc D:\TTCS_test\KiemTraGiuaKy_ThucTapCoSo_Nhom1\driver\libstm\libLibraries.a(ucg_dev_ic_st7735.o)
 .debug_abbrev  0x00001f11      0x191 D:\TTCS_test\KiemTraGiuaKy_ThucTapCoSo_Nhom1\driver\libstm\libLibraries.a(ucg_dev_msg_api.o)
 .debug_abbrev  0x000020a2      0x14e D:\TTCS_test\KiemTraGiuaKy_ThucTapCoSo_Nhom1\driver\libstm\libLibraries.a(ucg_dev_tft_128x128_st7735.o)
 .debug_abbrev  0x000021f0      0x2fc D:\TTCS_test\KiemTraGiuaKy_ThucTapCoSo_Nhom1\driver\libstm\libLibraries.a(ucg_font.o)
 .debug_abbrev  0x000024ec      0x1c6 D:\TTCS_test\KiemTraGiuaKy_ThucTapCoSo_Nhom1\driver\libstm\libLibraries.a(ucg_init.o)
 .debug_abbrev  0x000026b2      0x175 D:\TTCS_test\KiemTraGiuaKy_ThucTapCoSo_Nhom1\driver\libstm\libLibraries.a(ucg_line.o)
 .debug_abbrev  0x00002827      0x148 D:\TTCS_test\KiemTraGiuaKy_ThucTapCoSo_Nhom1\driver\libstm\libLibraries.a(ucg_pixel.o)
 .debug_abbrev  0x0000296f       0x83 D:\TTCS_test\KiemTraGiuaKy_ThucTapCoSo_Nhom1\driver\libstm\libLibraries.a(ucg_pixel_font_data.o)
 .debug_abbrev  0x000029f2      0x1a3 D:\TTCS_test\KiemTraGiuaKy_ThucTapCoSo_Nhom1\driver\libstm\libLibraries.a(ucg_rotate.o)
 .debug_abbrev  0x00002b95      0x12a D:\TTCS_test\KiemTraGiuaKy_ThucTapCoSo_Nhom1\driver\libstm\libLibraries.a(buff.o)
 .debug_abbrev  0x00002cbf       0xce D:\TTCS_test\KiemTraGiuaKy_ThucTapCoSo_Nhom1\driver\libstm\libLibraries.a(utilities.o)
 .debug_abbrev  0x00002d8d      0x187 D:\TTCS_test\KiemTraGiuaKy_ThucTapCoSo_Nhom1\driver\libstm\libLibraries.a(stm32f401re_usart.o)
 .debug_abbrev  0x00002f14      0x173 D:\TTCS_test\KiemTraGiuaKy_ThucTapCoSo_Nhom1\driver\libstm\libLibraries.a(ucg_clip.o)
 .debug_abbrev  0x00003087      0x1f2 D:\TTCS_test\KiemTraGiuaKy_ThucTapCoSo_Nhom1\driver\libstm\libLibraries.a(ucg_com_msg_api.o)

.debug_aranges  0x00000000     0x1258
 .debug_aranges
                0x00000000      0x160 ./Src/main.o
 .debug_aranges
                0x00000160       0x20 ./Src/sysmem.o
 .debug_aranges
                0x00000180       0x28 ./Startup/startup_stm32f401retx.o
 .debug_aranges
                0x000001a8       0x50 ./driver/share/Inc/driver/Kalman_filter/kalman_filter.o
 .debug_aranges
                0x000001f8       0x80 ./driver/share/Src/stm32f401re_gpio.o
 .debug_aranges
                0x00000278      0x198 ./driver/share/Src/stm32f401re_rcc.o
 .debug_aranges
                0x00000410       0x30 D:\TTCS_test\KiemTraGiuaKy_ThucTapCoSo_Nhom1\driver\libstm\libLibraries.a(system_stm32f4xx.o)
 .debug_aranges
                0x00000440      0x148 D:\TTCS_test\KiemTraGiuaKy_ThucTapCoSo_Nhom1\driver\libstm\libLibraries.a(stm32f401re_adc.o)
 .debug_aranges
                0x00000588      0x130 D:\TTCS_test\KiemTraGiuaKy_ThucTapCoSo_Nhom1\driver\libstm\libLibraries.a(stm32f401re_i2c.o)
 .debug_aranges
                0x000006b8      0x2f8 D:\TTCS_test\KiemTraGiuaKy_ThucTapCoSo_Nhom1\driver\libstm\libLibraries.a(stm32f401re_tim.o)
 .debug_aranges
                0x000009b0       0x70 D:\TTCS_test\KiemTraGiuaKy_ThucTapCoSo_Nhom1\driver\libstm\libLibraries.a(timer.o)
 .debug_aranges
                0x00000a20       0xe8 D:\TTCS_test\KiemTraGiuaKy_ThucTapCoSo_Nhom1\driver\libstm\libLibraries.a(temhumsensor.o)
 .debug_aranges
                0x00000b08       0x80 D:\TTCS_test\KiemTraGiuaKy_ThucTapCoSo_Nhom1\driver\libstm\libLibraries.a(serial.o)
 .debug_aranges
                0x00000b88       0x48 D:\TTCS_test\KiemTraGiuaKy_ThucTapCoSo_Nhom1\driver\libstm\libLibraries.a(Ucglib.o)
 .debug_aranges
                0x00000bd0       0x48 D:\TTCS_test\KiemTraGiuaKy_ThucTapCoSo_Nhom1\driver\libstm\libLibraries.a(ucg_box.o)
 .debug_aranges
                0x00000c18       0x30 D:\TTCS_test\KiemTraGiuaKy_ThucTapCoSo_Nhom1\driver\libstm\libLibraries.a(ucg_ccs.o)
 .debug_aranges
                0x00000c48       0x48 D:\TTCS_test\KiemTraGiuaKy_ThucTapCoSo_Nhom1\driver\libstm\libLibraries.a(ucg_dev_default_cb.o)
 .debug_aranges
                0x00000c90       0x40 D:\TTCS_test\KiemTraGiuaKy_ThucTapCoSo_Nhom1\driver\libstm\libLibraries.a(ucg_dev_ic_st7735.o)
 .debug_aranges
                0x00000cd0       0x60 D:\TTCS_test\KiemTraGiuaKy_ThucTapCoSo_Nhom1\driver\libstm\libLibraries.a(ucg_dev_msg_api.o)
 .debug_aranges
                0x00000d30       0x20 D:\TTCS_test\KiemTraGiuaKy_ThucTapCoSo_Nhom1\driver\libstm\libLibraries.a(ucg_dev_tft_128x128_st7735.o)
 .debug_aranges
                0x00000d50      0x168 D:\TTCS_test\KiemTraGiuaKy_ThucTapCoSo_Nhom1\driver\libstm\libLibraries.a(ucg_font.o)
 .debug_aranges
                0x00000eb8       0x28 D:\TTCS_test\KiemTraGiuaKy_ThucTapCoSo_Nhom1\driver\libstm\libLibraries.a(ucg_init.o)
 .debug_aranges
                0x00000ee0       0x48 D:\TTCS_test\KiemTraGiuaKy_ThucTapCoSo_Nhom1\driver\libstm\libLibraries.a(ucg_line.o)
 .debug_aranges
                0x00000f28       0x28 D:\TTCS_test\KiemTraGiuaKy_ThucTapCoSo_Nhom1\driver\libstm\libLibraries.a(ucg_pixel.o)
 .debug_aranges
                0x00000f50       0x18 D:\TTCS_test\KiemTraGiuaKy_ThucTapCoSo_Nhom1\driver\libstm\libLibraries.a(ucg_pixel_font_data.o)
 .debug_aranges
                0x00000f68       0x68 D:\TTCS_test\KiemTraGiuaKy_ThucTapCoSo_Nhom1\driver\libstm\libLibraries.a(ucg_rotate.o)
 .debug_aranges
                0x00000fd0       0x50 D:\TTCS_test\KiemTraGiuaKy_ThucTapCoSo_Nhom1\driver\libstm\libLibraries.a(buff.o)
 .debug_aranges
                0x00001020       0x48 D:\TTCS_test\KiemTraGiuaKy_ThucTapCoSo_Nhom1\driver\libstm\libLibraries.a(utilities.o)
 .debug_aranges
                0x00001068      0x100 D:\TTCS_test\KiemTraGiuaKy_ThucTapCoSo_Nhom1\driver\libstm\libLibraries.a(stm32f401re_usart.o)
 .debug_aranges
                0x00001168       0x50 D:\TTCS_test\KiemTraGiuaKy_ThucTapCoSo_Nhom1\driver\libstm\libLibraries.a(ucg_clip.o)
 .debug_aranges
                0x000011b8       0xa0 D:\TTCS_test\KiemTraGiuaKy_ThucTapCoSo_Nhom1\driver\libstm\libLibraries.a(ucg_com_msg_api.o)

.debug_rnglists
                0x00000000      0x2fb
 .debug_rnglists
                0x00000000      0x10c ./Src/main.o
 .debug_rnglists
                0x0000010c       0x13 ./Src/sysmem.o
 .debug_rnglists
                0x0000011f       0x19 ./Startup/startup_stm32f401retx.o
 .debug_rnglists
                0x00000138       0x38 ./driver/share/Inc/driver/Kalman_filter/kalman_filter.o
 .debug_rnglists
                0x00000170       0x5d ./driver/share/Src/stm32f401re_gpio.o
 .debug_rnglists
                0x000001cd      0x12e ./driver/share/Src/stm32f401re_rcc.o

.debug_macro    0x00000000    0x12603
 .debug_macro   0x00000000      0x46f ./Src/main.o
 .debug_macro   0x0000046f      0xac0 ./Src/main.o
 .debug_macro   0x00000f2f       0x22 ./Src/main.o
 .debug_macro   0x00000f51       0x8e ./Src/main.o
 .debug_macro   0x00000fdf       0x51 ./Src/main.o
 .debug_macro   0x00001030      0x103 ./Src/main.o
 .debug_macro   0x00001133       0x6a ./Src/main.o
 .debug_macro   0x0000119d      0x1df ./Src/main.o
 .debug_macro   0x0000137c       0x7c ./Src/main.o
 .debug_macro   0x000013f8      0x189 ./Src/main.o
 .debug_macro   0x00001581       0x22 ./Src/main.o
 .debug_macro   0x000015a3      0x301 ./Src/main.o
 .debug_macro   0x000018a4       0x6b ./Src/main.o
 .debug_macro   0x0000190f       0x3b ./Src/main.o
 .debug_macro   0x0000194a       0x34 ./Src/main.o
 .debug_macro   0x0000197e       0x26 ./Src/main.o
 .debug_macro   0x000019a4      0xe43 ./Src/main.o
 .debug_macro   0x000027e7     0x8018 ./Src/main.o
 .debug_macro   0x0000a7ff      0x2b4 ./Src/main.o
 .debug_macro   0x0000aab3      0x36c ./Src/main.o
 .debug_macro   0x0000ae1f       0x61 ./Src/main.o
 .debug_macro   0x0000ae80       0x2a ./Src/main.o
 .debug_macro   0x0000aeaa       0x43 ./Src/main.o
 .debug_macro   0x0000aeed       0x34 ./Src/main.o
 .debug_macro   0x0000af21       0x16 ./Src/main.o
 .debug_macro   0x0000af37       0x43 ./Src/main.o
 .debug_macro   0x0000af7a       0x34 ./Src/main.o
 .debug_macro   0x0000afae       0x10 ./Src/main.o
 .debug_macro   0x0000afbe       0x58 ./Src/main.o
 .debug_macro   0x0000b016       0x8e ./Src/main.o
 .debug_macro   0x0000b0a4       0x1c ./Src/main.o
 .debug_macro   0x0000b0c0      0x177 ./Src/main.o
 .debug_macro   0x0000b237      0x369 ./Src/main.o
 .debug_macro   0x0000b5a0       0x10 ./Src/main.o
 .debug_macro   0x0000b5b0       0x35 ./Src/main.o
 .debug_macro   0x0000b5e5       0x20 ./Src/main.o
 .debug_macro   0x0000b605      0x2f4 ./Src/main.o
 .debug_macro   0x0000b8f9      0x64a ./Src/main.o
 .debug_macro   0x0000bf43       0x1c ./Src/main.o
 .debug_macro   0x0000bf5f       0x10 ./Src/main.o
 .debug_macro   0x0000bf6f       0x1c ./Src/main.o
 .debug_macro   0x0000bf8b       0x16 ./Src/main.o
 .debug_macro   0x0000bfa1      0x146 ./Src/main.o
 .debug_macro   0x0000c0e7      0xcad ./Src/main.o
 .debug_macro   0x0000cd94      0x741 ./Src/main.o
 .debug_macro   0x0000d4d5       0x34 ./Src/main.o
 .debug_macro   0x0000d509       0xff ./Src/sysmem.o
 .debug_macro   0x0000d608      0x23c ./Src/sysmem.o
 .debug_macro   0x0000d844       0xec ./driver/share/Inc/driver/Kalman_filter/kalman_filter.o
 .debug_macro   0x0000d930      0x19b ./driver/share/Inc/driver/Kalman_filter/kalman_filter.o
 .debug_macro   0x0000dacb       0xb9 ./driver/share/Src/stm32f401re_gpio.o
 .debug_macro   0x0000db84      0x2ee ./driver/share/Src/stm32f401re_gpio.o
 .debug_macro   0x0000de72      0x186 ./driver/share/Src/stm32f401re_rcc.o
 .debug_macro   0x0000dff8       0xce D:\TTCS_test\KiemTraGiuaKy_ThucTapCoSo_Nhom1\driver\libstm\libLibraries.a(system_stm32f4xx.o)
 .debug_macro   0x0000e0c6      0xa66 D:\TTCS_test\KiemTraGiuaKy_ThucTapCoSo_Nhom1\driver\libstm\libLibraries.a(system_stm32f4xx.o)
 .debug_macro   0x0000eb2c       0x22 D:\TTCS_test\KiemTraGiuaKy_ThucTapCoSo_Nhom1\driver\libstm\libLibraries.a(system_stm32f4xx.o)
 .debug_macro   0x0000eb4e       0x8e D:\TTCS_test\KiemTraGiuaKy_ThucTapCoSo_Nhom1\driver\libstm\libLibraries.a(system_stm32f4xx.o)
 .debug_macro   0x0000ebdc       0xef D:\TTCS_test\KiemTraGiuaKy_ThucTapCoSo_Nhom1\driver\libstm\libLibraries.a(system_stm32f4xx.o)
 .debug_macro   0x0000eccb      0x14d D:\TTCS_test\KiemTraGiuaKy_ThucTapCoSo_Nhom1\driver\libstm\libLibraries.a(stm32f401re_adc.o)
 .debug_macro   0x0000ee18      0xca7 D:\TTCS_test\KiemTraGiuaKy_ThucTapCoSo_Nhom1\driver\libstm\libLibraries.a(stm32f401re_adc.o)
 .debug_macro   0x0000fabf       0xd5 D:\TTCS_test\KiemTraGiuaKy_ThucTapCoSo_Nhom1\driver\libstm\libLibraries.a(stm32f401re_i2c.o)
 .debug_macro   0x0000fb94       0xe4 D:\TTCS_test\KiemTraGiuaKy_ThucTapCoSo_Nhom1\driver\libstm\libLibraries.a(stm32f401re_tim.o)
 .debug_macro   0x0000fc78      0x73b D:\TTCS_test\KiemTraGiuaKy_ThucTapCoSo_Nhom1\driver\libstm\libLibraries.a(stm32f401re_tim.o)
 .debug_macro   0x000103b3       0xe3 D:\TTCS_test\KiemTraGiuaKy_ThucTapCoSo_Nhom1\driver\libstm\libLibraries.a(timer.o)
 .debug_macro   0x00010496       0x1c D:\TTCS_test\KiemTraGiuaKy_ThucTapCoSo_Nhom1\driver\libstm\libLibraries.a(timer.o)
 .debug_macro   0x000104b2       0x16 D:\TTCS_test\KiemTraGiuaKy_ThucTapCoSo_Nhom1\driver\libstm\libLibraries.a(timer.o)