../Src/main.c:220:13:Ledboard_init	16	static
../Src/main.c:253:13:Ledred1_init	16	static
../Src/main.c:287:13:Ledred2_init	16	static
../Src/main.c:320:13:Ledgreen1_init	16	static
../Src/main.c:353:13:Ledgreen2_init	16	static
../Src/main.c:386:13:Ledblue1_init	16	static
../Src/main.c:418:13:Ledblue2_init	16	static
../Src/main.c:452:13:Button1_init	16	static
../Src/main.c:482:13:Button2_init	16	static
../Src/main.c:512:13:Button3_init	16	static
../Src/main.c:542:13:Button4_init	16	static
../Src/main.c:572:13:Button5_init	16	static
../Src/main.c:601:13:coi_Init	16	static
../Src/main.c:625:13:coiControlSetStatus	16	static
../Src/main.c:639:13:LedControl_SetStatus	16	static
../Src/main.c:652:16:ButtonRead_Status	24	static
../Src/main.c:663:6:delay	16	static
../Src/main.c:668:5:main	24	static
../Src/main.c:782:6:I2C_start	8	static
../Src/main.c:802:6:I2C_address_direction	16	static
../Src/main.c:830:6:I2C_transmit	16	static
../Src/main.c:845:6:I2C_stop	8	static
../Src/main.c:857:9:I2C_receive_nack	8	static
../Src/main.c:875:9:I2C_receive_ack	8	static
../Src/main.c:887:13:TemHumSensor_readRegister	40	static
../Src/main.c:933:10:GetTemp_Sensor	32	static
../Src/main.c:954:10:GetHumi_Sensor	32	static
../Src/main.c:971:6:processGetValueSensor	16	static
../Src/main.c:1028:6:Scan_SensorLCD	16	static
../Src/main.c:1049:6:Scan_TimeSensor	24	static
../Src/main.c:1057:7:delay_ms	24	static
../Src/main.c:1072:11:CalculatorTime	24	static
../Src/main.c:1083:14:AppCommon	16	static
../Src/main.c:1108:13:SPI1_Init	16	static
../Src/main.c:1137:13:I2C_Init_temphumi	32	static
../Src/main.c:1176:13:LightSensor_AdcInit	56	static
../Src/main.c:1232:13:LedControl_TimerOCInit	48	static
../Src/main.c:1288:10:LightSensor_AdcPollingRead	16	static
../Src/main.c:1311:10:Kanman_Light	16	static
../Src/main.c:1324:13:LedControl_TimerOCSetPwm	16	static
../Src/main.c:1334:13:ABL_Process	24	static
